[bluffpersonnel.com/index.html]
[backblue.gif]
[fade.gif]
[index.html]
[bluffpersonnel.com/wp-includes/css/dist/block-library/style.min0899.css]
[bluffpersonnel.com/wp-content/plugins/wp-job-openings/assets/css/general.min3b71.css]
[bluffpersonnel.com/wp-content/plugins/wp-job-openings/assets/css/style.min3b71.css]
[bluffpersonnel.com/wp-includes/css/dashicons.min0899.css]
[bluffpersonnel.com/wp-content/plugins/post-views-counter/css/frontend.minb493.css]
[bluffpersonnel.com/wp-content/plugins/woocommerce/assets/css/woocommerce-layoutceb1.css]
[bluffpersonnel.com/wp-content/plugins/woocommerce/assets/css/woocommerce-smallscreenceb1.css]
[bluffpersonnel.com/wp-content/plugins/woocommerce/assets/css/woocommerceceb1.css]
[bluffpersonnel.com/wp-content/themes/nokri/assets/leaflet/leaflet0899.css]
[bluffpersonnel.com/wp-content/themes/nokri/assets/leaflet/leaflet-search.min0899.css]
[bluffpersonnel.com/feed/index.html]
[bluffpersonnel.com/wp-content/themes/nokri/css/perfect-scrollbar0899.css]
[bluffpersonnel.com/wp-content/themes/nokri/style0899.css]
[bluffpersonnel.com/wp-content/themes/nokri/css/bootstrap.min0899.css]
[bluffpersonnel.com/wp-content/themes/nokri/css/mega_menu.min0899.css]
[bluffpersonnel.com/wp-content/themes/nokri/css/animate.min0899.css]
[bluffpersonnel.com/comments/feed/index.html]
[bluffpersonnel.com/wp-content/themes/nokri/css/owl.carousel0899.css]
[bluffpersonnel.com/wp-content/themes/nokri/css/owl.theme.default0899.css]
[bluffpersonnel.com/wp-content/themes/nokri/css/et-line-fonts0899.css]
[bluffpersonnel.com/wp-content/themes/nokri/css/woocommerce0899.css]
[bluffpersonnel.com/wp-content/themes/nokri/css/jquery-te0899.css]
[bluffpersonnel.com/wp-content/plugins/elementor/assets/lib/font-awesome/css/font-awesome.min1849.css]
[bluffpersonnel.com/wp-content/themes/nokri/css/line-awesome.min0899.css]
[bluffpersonnel.com/wp-content/themes/nokri/css/jquery.tag-editor0899.css]
[bluffpersonnel.com/wp-content/themes/nokri/css/select2.min0899.css]
[bluffpersonnel.com/wp-content/themes/nokri/css/dropzone0899.css]
[bluffpersonnel.com/wp-content/themes/nokri/css/jquery-confirm.min0899.css]
[bluffpersonnel.com/wp-content/themes/nokri/css/toastr.min0899.css]
[bluffpersonnel.com/wp-content/themes/nokri/css/bootstrap-toggle.min0899.css]
[bluffpersonnel.com/wp-content/themes/nokri/css/jquery.fancybox.min0899.css]
[bluffpersonnel.com/wp-content/themes/nokri/css/new/datepicker.min0899.css]
[bluffpersonnel.com/wp-content/themes/nokri/css/new/fileinput.min0899.css]
[bluffpersonnel.com/wp-content/themes/nokri/css/new/checkbox-square0899.css]
[bluffpersonnel.com/wp-content/themes/nokri/css/minimal/minimal0899.css]
[bluffpersonnel.com/wp-content/themes/nokri/css/new/jquery.tipsy0899.css]
[bluffpersonnel.com/wp-content/themes/nokri/css/new/themify-icons0899.css]
[bluffpersonnel.com/wp-content/themes/nokri/css/new/jquery.bxslider0899.css]
[bluffpersonnel.com/wp-content/themes/nokri/css/YouTubePopUp0899.css]
[bluffpersonnel.com/wp-content/themes/nokri/css/star-rating0899.css]
[bluffpersonnel.com/wp-content/themes/nokri/css/admin-custom0899.css]
[bluffpersonnel.com/wp-content/themes/nokri/css/custom0899.css]
[bluffpersonnel.com/wp-content/themes/nokri/css/theme0899.css]
[bluffpersonnel.com/wp-content/themes/nokri/css/modern0899.css]
[bluffpersonnel.com/wp-content/themes/nokri/css/colors/purple0899.css]
[bluffpersonnel.com/wp-content/plugins/elementor/assets/lib/eicons/css/elementor-icons.min192d.css]
[bluffpersonnel.com/wp-content/plugins/elementor/assets/css/frontend-lite.minafc7.css]
[bluffpersonnel.com/wp-content/plugins/elementor/assets/lib/swiper/v8/css/swiper.min94a4.css]
[bluffpersonnel.com/wp-content/uploads/elementor/css/post-15a774.css]
[bluffpersonnel.com/wp-content/plugins/elementor-pro/assets/css/frontend-lite.min6b60.css]
[bluffpersonnel.com/wp-content/uploads/elementor/css/global2ec7.css]
[bluffpersonnel.com/wp-content/uploads/elementor/css/post-708c483.css]
[bluffpersonnel.com/wp-content/uploads/elementor/css/post-15232ec7.css]
[bluffpersonnel.com/wp-content/uploads/elementor/css/post-15302ec7.css]
[bluffpersonnel.com/wp-content/plugins/pro-pack-for-wp-job-openings/assets/css/intlTelInput.min9633.css]
[bluffpersonnel.com/wp-content/plugins/pro-pack-for-wp-job-openings/assets/css/style.minee9a.css]
[bluffpersonnel.com/wp-content/plugins/essential-addons-for-elementor-lite/assets/front-end/css/view/general.min0fbe.css]
[bluffpersonnel.com/wp-content/plugins/elementor/assets/lib/font-awesome/css/fontawesome.min52d5.css]
[bluffpersonnel.com/wp-content/plugins/elementor/assets/lib/font-awesome/css/solid.min52d5.css]
[bluffpersonnel.com/wp-content/plugins/elementor/assets/lib/font-awesome/css/regular.min52d5.css]
[bluffpersonnel.com/wp-content/plugins/elementor/assets/lib/font-awesome/css/brands.min52d5.css]
[bluffpersonnel.com/wp-includes/js/jquery/jquery.minf43b.js]
[bluffpersonnel.com/wp-includes/js/jquery/jquery-migrate.min5589.js]
[bluffpersonnel.com/wp-content/plugins/woocommerce/assets/js/jquery-blockui/jquery.blockUI.min6fb9.js]
[bluffpersonnel.com/wp-content/plugins/woocommerce/assets/js/frontend/add-to-cart.minceb1.js]
[bluffpersonnel.com/wp-content/plugins/woocommerce/assets/js/js-cookie/js.cookie.mine74b.js]
[bluffpersonnel.com/wp-content/plugins/woocommerce/assets/js/frontend/woocommerce.minceb1.js]
[bluffpersonnel.com/wp-content/themes/nokri/assets/leaflet/leaflet0899.js]
[bluffpersonnel.com/wp-content/themes/nokri/assets/leaflet/leaflet.markercluster0899.js]
[bluffpersonnel.com/wp-content/themes/nokri/assets/leaflet/leaflet-search.min0899.js]
[bluffpersonnel.com/wp-content/themes/nokri/js/chart0899.js]
[bluffpersonnel.com/wp-json/index.html]
[bluffpersonnel.com/wp-json/wp/v2/pages/708.json]
[bluffpersonnel.com/xmlrpc0db0.php]
[bluffpersonnel.com/wp-json/oembed/1.0/embed7e42.json]
[bluffpersonnel.com/wp-json/oembed/1.0/embedf7eb]
[bluffpersonnel.com/wp-content/plugins/woocommerce/assets/fonts/Inter-VariableFont_slnt,wght.woff2]
[bluffpersonnel.com/wp-content/plugins/woocommerce/assets/fonts/cardo_normal_400.woff2]
[bluffpersonnel.com/wp-content/uploads/2018/09/cropped-312133191_501807168630523_8214855350802955632_n-32x32.jpg]
[bluffpersonnel.com/wp-content/uploads/2018/09/cropped-312133191_501807168630523_8214855350802955632_n-192x192.jpg]
[bluffpersonnel.com/wp-content/uploads/2018/09/cropped-312133191_501807168630523_8214855350802955632_n-180x180.jpg]
[bluffpersonnel.com/wp-content/uploads/2023/07/Bluff-Personnel-Catalyx-copy-2.png]
[bluffpersonnel.com/wp-content/plugins/elementor-pro/assets/css/widget-nav-menu.min.css]
[bluffpersonnel.com/wp-content/plugins/elementor-pro/assets/css/widget-animated-headline.min.css]
[bluffpersonnel.com/wp-content/uploads/2023/09/frank-albrecht-PoH0Xf9ZaYE-unsplash-683x1024.jpg]
[bluffpersonnel.com/wp-content/uploads/2023/07/christina-wocintechchat-com-LQ1t-8Ms5PY-unsplash-1024x683.jpg]
[bluffpersonnel.com/wp-content/uploads/2023/07/emmanuel-ikwuegbu-_2AlIm-F6pw-unsplash-1024x684.jpg]
[bluffpersonnel.com/wp-content/uploads/2023/09/jason-goodman-LR5CYw3AQNo-unsplash-1024x683.jpg]
[bluffpersonnel.com/wp-content/uploads/2023/09/istockphoto-1442579000-1024x1024-transformed-300x300.jpg]
[bluffpersonnel.com/wp-content/uploads/2023/07/austin-distel-jpHw8ndwJ_Q-unsplash-300x300.jpg]
[bluffpersonnel.com/wp-content/uploads/2023/07/christina-wocintechchat-com-vzfgh3RAPzM-unsplash-300x300.jpg]
[bluffpersonnel.com/wp-content/uploads/2023/07/george-prentzas-SRFG7iwktDk-unsplash-300x300.jpg]
[bluffpersonnel.com/wp-content/plugins/elementor/assets/css/widget-icon-box.min.css]
[bluffpersonnel.com/wp-content/uploads/2018/09/Bluff-Personnel-Catalyx-copy.png]
[bluffpersonnel.com/wp-content/plugins/woocommerce/assets/client/blocks/wc-blocks7a01.css]
[bluffpersonnel.com/wp-content/plugins/essential-addons-for-elementor-lite/assets/front-end/css/view/scroll-to-top.min0fbe.css]
[bluffpersonnel.com/wp-content/uploads/elementor/css/post-1892c483.css]
[bluffpersonnel.com/wp-content/uploads/elementor/css/post-1895c483.css]
[bluffpersonnel.com/wp-content/uploads/elementor/css/post-1898c483.css]
[bluffpersonnel.com/about-us/index.html]
[bluffpersonnel.com/wp-content/uploads/elementor/css/post-1902c483.css]
[bluffpersonnel.com/wp-content/plugins/elementor/assets/lib/animations/animations.minafc7.css]
[bluffpersonnel.com/job-openings/index.html]
[bluffpersonnel.com/wp-content/plugins/wp-job-openings/assets/js/script.min3b71.js]
[bluffpersonnel.com/wp-content/plugins/nokri_framework/js/theme0899.js]
[bluffpersonnel.com/wp-content/themes/nokri/js/jquery-ui.min0899.js]
[bluffpersonnel.com/wp-content/themes/nokri/js/bootstrap.min0899.js]
[bluffpersonnel.com/wp-content/themes/nokri/js/bootstrap-toggle.min0899.js]
[bluffpersonnel.com/wp-content/plugins/woocommerce/assets/js/select2/select2.full.min221b.js]
[bluffpersonnel.com/contact-us/index.html]
[bluffpersonnel.com/wp-content/themes/nokri/js/mega_menu.min0899.js]
[bluffpersonnel.com/wp-content/themes/nokri/js/owl-carousel0899.js]
[bluffpersonnel.com/wp-content/themes/nokri/js/counterup0899.js]
[bluffpersonnel.com/wp-content/themes/nokri/js/jquery.waypoints0899.js]
[bluffpersonnel.com/wp-content/themes/nokri/js/isotope.min0899.js]
[bluffpersonnel.com/wp-content/themes/nokri/js/hello0899.js]
[bluffpersonnel.com/wp-content/themes/nokri/js/dropzone0899.js]
[www.google.com/recaptcha/api0899.js]
[bluffpersonnel.com/wp-content/themes/nokri/js/parsley.min0899.js]
[bluffpersonnel.com/wp-content/themes/nokri/js/jquery.caret.min0899.js]
[bluffpersonnel.com/wp-content/themes/nokri/js/jquery.tag-editor.min0899.js]
[bluffpersonnel.com/wp-content/themes/nokri/js/new/fileinput.min0899.js]
[bluffpersonnel.com/wp-content/themes/nokri/js/new/jquery.add-input-area.min0899.js]
[bluffpersonnel.com/wp-content/themes/nokri/js/new/datepicker.min0899.js]
[bluffpersonnel.com/wp-content/themes/nokri/js/new/date-picker-lang/datepicker.en0899.js]
[bluffpersonnel.com/wp-content/themes/nokri/js/jquery.appear0899.js]
[bluffpersonnel.com/wp-content/themes/nokri/js/jquery.tipsy.min0899.js]
[bluffpersonnel.com/wp-content/themes/nokri/js/jquery.multifield.min0899.js]
[bluffpersonnel.com/wp-content/themes/nokri/js/icheck.min0899.js]
[bluffpersonnel.com/wp-content/themes/nokri/js/theia-sticky-sidebar0899.js]
[bluffpersonnel.com/wp-content/themes/nokri/js/jquery.fancybox.min0899.js]
[bluffpersonnel.com/wp-content/themes/nokri/js/toastr.min0899.js]
[bluffpersonnel.com/wp-content/themes/nokri/js/search0899.js]
[bluffpersonnel.com/wp-content/themes/nokri/js/jquery.bxslider0899.js]
[bluffpersonnel.com/wp-content/themes/nokri/js/YouTubePopUp.jquery0899.js]
[bluffpersonnel.com/wp-content/themes/nokri/js/jquery-confirm.min0899.js]
[bluffpersonnel.com/wp-content/themes/nokri/js/jquery.countTo0899.js]
[bluffpersonnel.com/wp-content/themes/nokri/js/jquery-te.min0899.js]
[bluffpersonnel.com/wp-content/themes/nokri/js/color-switcher0899.js]
[bluffpersonnel.com/wp-content/themes/nokri/js/perfect-scrollbar0899.js]
[bluffpersonnel.com/wp-content/themes/nokri/js/custom0899.js]
[bluffpersonnel.com/wp-content/themes/nokri/js/star-rating0899.js]
[bluffpersonnel.com/wp-content/plugins/woocommerce/assets/js/sourcebuster/sourcebuster.minceb1.js]
[bluffpersonnel.com/wp-content/plugins/woocommerce/assets/js/frontend/order-attribution.minceb1.js]
[bluffpersonnel.com/wp-content/plugins/pro-pack-for-wp-job-openings/assets/js/intlTelInput.min9633.js]
[bluffpersonnel.com/wp-content/plugins/pro-pack-for-wp-job-openings/assets/js/script.minee9a.js]
[bluffpersonnel.com/wp-content/plugins/essential-addons-for-elementor-lite/assets/front-end/js/view/general.min0fbe.js]
[bluffpersonnel.com/wp-content/plugins/elementor-pro/assets/lib/smartmenus/jquery.smartmenus.minf269.js]
[bluffpersonnel.com/wp-content/plugins/essential-addons-for-elementor-lite/assets/front-end/js/view/scroll-to-top.min0fbe.js]
[bluffpersonnel.com/wp-content/plugins/elementor-pro/assets/js/webpack-pro.runtime.min6b60.js]
[bluffpersonnel.com/wp-content/plugins/elementor/assets/js/webpack.runtime.minafc7.js]
[bluffpersonnel.com/wp-content/plugins/elementor/assets/js/frontend-modules.minafc7.js]
[bluffpersonnel.com/wp-includes/js/dist/hooks.min4fdd.js]
[bluffpersonnel.com/wp-includes/js/dist/i18n.minc33c.js]
[bluffpersonnel.com/wp-content/plugins/elementor-pro/assets/js/frontend.min6b60.js]
[bluffpersonnel.com/wp-content/plugins/elementor/assets/lib/waypoints/waypoints.min05da.js]
[bluffpersonnel.com/wp-includes/js/jquery/ui/core.minb37e.js]
[bluffpersonnel.com/wp-content/plugins/elementor/assets/js/frontend.minafc7.js]
[bluffpersonnel.com/wp-content/plugins/elementor-pro/assets/js/elements-handlers.min6b60.js]
[bluffpersonnel.com/wp-content/plugins/elementor-pro/assets/lib/sticky/jquery.sticky.min6b60.js]
[bluffpersonnel.com/wp-includes/js/underscore.min3ab8.js]
[bluffpersonnel.com/wp-includes/js/wp-util.min0899.js]
[bluffpersonnel.com/wp-content/plugins/woocommerce/assets/js/frontend/add-to-cart-variation.minceb1.js]
[bluffpersonnel.com/wp-content/plugins/woocommerce/assets/js/frontend/single-product.minceb1.js]
[bluffpersonnel.com/index.html]
[bluffpersonnel.com/xmlrpc.php]
[bluffpersonnel.com/wp-includes/css/dist/block-library/style.min0899.css]
[bluffpersonnel.com/wp-content/plugins/wp-job-openings/assets/fonts/awsm-jobs-icomoon062a.eot]
[bluffpersonnel.com/wp-content/plugins/wp-job-openings/assets/fonts/awsm-jobs-icomoon062a.ttf]
[bluffpersonnel.com/wp-content/plugins/wp-job-openings/assets/fonts/awsm-jobs-icomoon062a.woff]
[bluffpersonnel.com/wp-content/plugins/wp-job-openings/assets/css/general.min3b71.css]
[bluffpersonnel.com/wp-content/plugins/wp-job-openings/assets/css/style.min3b71.css]
[bluffpersonnel.com/wp-includes/fonts/dashicons7d4b.eot]
[bluffpersonnel.com/wp-includes/fonts/dashicons7d4b.ttf]
[bluffpersonnel.com/wp-includes/css/dashicons.min0899.css]
[bluffpersonnel.com/wp-content/plugins/post-views-counter/css/frontend.minb493.css]
[bluffpersonnel.com/wp-content/plugins/woocommerce/assets/css/woocommerce-layoutceb1.css]
[bluffpersonnel.com/wp-content/plugins/woocommerce/assets/css/woocommerce-smallscreenceb1.css]
[bluffpersonnel.com/wp-content/plugins/woocommerce/assets/fonts/WooCommerce.woff2]
[bluffpersonnel.com/wp-content/plugins/woocommerce/assets/fonts/WooCommerce.woff]
[bluffpersonnel.com/wp-content/plugins/woocommerce/assets/fonts/WooCommerce.ttf]
[bluffpersonnel.com/wp-content/plugins/woocommerce/assets/css/woocommerceceb1.css]
[bluffpersonnel.com/wp-content/themes/nokri/assets/leaflet/images/layers.png]
[bluffpersonnel.com/wp-content/themes/nokri/assets/leaflet/images/layers-2x.png]
[bluffpersonnel.com/wp-content/themes/nokri/assets/leaflet/images/marker-icon.png]
[bluffpersonnel.com/wp-content/themes/nokri/assets/leaflet/leaflet0899.css]
[bluffpersonnel.com/wp-content/themes/nokri/assets/leaflet/images/loader.gif]
[bluffpersonnel.com/wp-content/themes/nokri/assets/leaflet/images/search-icon.png]
[bluffpersonnel.com/wp-content/themes/nokri/assets/leaflet/leaflet-search.min0899.css]
[bluffpersonnel.com/wp-content/themes/nokri/css/perfect-scrollbar0899.css]
[bluffpersonnel.com/wp-content/themes/nokri/style0899.css]
[bluffpersonnel.com/wp-content/themes/nokri/fonts/glyphicons-halflings-regular.eot]
[bluffpersonnel.com/wp-content/themes/nokri/fonts/glyphicons-halflings-regulard41d.eot]
[bluffpersonnel.com/wp-content/themes/nokri/fonts/glyphicons-halflings-regular.woff2]
[bluffpersonnel.com/wp-content/themes/nokri/fonts/glyphicons-halflings-regular.woff]
[bluffpersonnel.com/wp-content/themes/nokri/fonts/glyphicons-halflings-regular.ttf]
[bluffpersonnel.com/wp-content/themes/nokri/css/bootstrap.min0899.css]
[bluffpersonnel.com/wp-content/themes/nokri/css/mega_menu.min0899.css]
[bluffpersonnel.com/wp-content/themes/nokri/css/animate.min0899.css]
[bluffpersonnel.com/wp-content/themes/nokri/css/owl.carousel0899.css]
[bluffpersonnel.com/wp-content/themes/nokri/css/owl.theme.default0899.css]
[bluffpersonnel.com/wp-content/themes/nokri/fonts/et-line.eot]
[bluffpersonnel.com/wp-content/themes/nokri/fonts/et-lined41d.eot]
[bluffpersonnel.com/wp-content/themes/nokri/fonts/et-line.woff]
[bluffpersonnel.com/wp-content/themes/nokri/fonts/et-line.ttf]
[bluffpersonnel.com/wp-content/themes/nokri/css/et-line-fonts0899.css]
[bluffpersonnel.com/wp-content/themes/nokri/css/woocommerce0899.css]
[bluffpersonnel.com/wp-content/themes/nokri/css/jquery-te.png]
[bluffpersonnel.com/wp-content/themes/nokri/css/jquery-te0899.css]
[bluffpersonnel.com/wp-content/plugins/elementor/assets/lib/font-awesome/fonts/fontawesome-webfont3e6e.eot]
[bluffpersonnel.com/wp-content/plugins/elementor/assets/lib/font-awesome/fonts/fontawesome-webfontd41d.eot]
[bluffpersonnel.com/wp-content/plugins/elementor/assets/lib/font-awesome/fonts/fontawesome-webfont3e6e.woff2]
[bluffpersonnel.com/wp-content/plugins/elementor/assets/lib/font-awesome/fonts/fontawesome-webfont3e6e.woff]
[bluffpersonnel.com/wp-content/plugins/elementor/assets/lib/font-awesome/fonts/fontawesome-webfont3e6e.ttf]
[bluffpersonnel.com/wp-content/plugins/elementor/assets/lib/font-awesome/css/font-awesome.min1849.css]
[bluffpersonnel.com/wp-content/themes/nokri/fonts/line-awesomeeb4f.eot]
[bluffpersonnel.com/wp-content/themes/nokri/fonts/line-awesome0176.eot]
[bluffpersonnel.com/wp-content/themes/nokri/fonts/line-awesomeeb4f.woff2]
[bluffpersonnel.com/wp-content/themes/nokri/fonts/line-awesomeeb4f.woff]
[bluffpersonnel.com/wp-content/themes/nokri/fonts/line-awesomeeb4f.ttf]
[bluffpersonnel.com/wp-content/themes/nokri/css/line-awesome.min0899.css]
[bluffpersonnel.com/wp-content/themes/nokri/css/jquery.tag-editor0899.css]
[bluffpersonnel.com/wp-content/themes/nokri/css/select2.min0899.css]
[bluffpersonnel.com/wp-content/themes/nokri/images/spritemap.png]
[bluffpersonnel.com/wp-content/themes/nokri/css/dropzone0899.css]
[bluffpersonnel.com/wp-content/themes/nokri/css/jquery-confirm.min0899.css]
[bluffpersonnel.com/wp-content/themes/nokri/css/toastr.min0899.css]
[bluffpersonnel.com/wp-content/themes/nokri/css/bootstrap-toggle.min0899.css]
[bluffpersonnel.com/wp-content/themes/nokri/css/jquery.fancybox.min0899.css]
[bluffpersonnel.com/wp-content/themes/nokri/css/new/datepicker.min0899.css]
[bluffpersonnel.com/wp-content/themes/nokri/css/new/fileinput.min0899.css]
[bluffpersonnel.com/wp-content/themes/nokri/css/new/square1.png]
[bluffpersonnel.com/wp-content/themes/nokri/css/new/square@2x.png]
[bluffpersonnel.com/wp-content/themes/nokri/css/new/checkbox-square0899.css]
[bluffpersonnel.com/wp-content/themes/nokri/css/minimal/minimal.png]
[bluffpersonnel.com/wp-content/themes/nokri/css/minimal/minimal0899.css]
[bluffpersonnel.com/wp-content/themes/nokri/css/minimal/minimal@2x.png]
[bluffpersonnel.com/wp-content/themes/nokri/css/new/jquery.tipsy0899.css]
[bluffpersonnel.com/wp-content/themes/nokri/fonts/themify.eot]
[bluffpersonnel.com/wp-content/themes/nokri/fonts/themify.woff]
[bluffpersonnel.com/wp-content/themes/nokri/fonts/themify.ttf]
[bluffpersonnel.com/wp-content/themes/nokri/css/new/themify-icons0899.css]
[bluffpersonnel.com/wp-content/themes/nokri/css/new/images/bx_loader.gif]
[bluffpersonnel.com/wp-content/themes/nokri/css/new/images/controls.png]
[bluffpersonnel.com/wp-content/themes/nokri/css/new/jquery.bxslider0899.css]
[bluffpersonnel.com/wp-content/themes/nokri/css/YouTubePopUp0899.css]
[bluffpersonnel.com/wp-content/themes/nokri/css/star-rating0899.css]
[bluffpersonnel.com/wp-content/themes/nokri/images/profile-bg.png]
[bluffpersonnel.com/wp-content/themes/nokri/css/admin-custom0899.css]
[bluffpersonnel.com/wp-content/themes/nokri/css/custom0899.css]
[bluffpersonnel.com/wp-content/themes/nokri/images/slider-2-image.png]
[bluffpersonnel.com/wp-content/themes/nokri/images/footer.png]
[demo.nokriwp.com/wp-content/uploads/2018/10/4.png]
[bluffpersonnel.com/wp-content/themes/nokri/images/profile-bg-big.png]
[bluffpersonnel.com/wp-content/themes/nokri/images/city.png]
[bluffpersonnel.com/wp-content/themes/nokri/images/ping.png]
[bluffpersonnel.com/wp-content/themes/nokri/images/777.png]
[bluffpersonnel.com/wp-content/themes/nokri/images/hero-bg.png]
[bluffpersonnel.com/wp-content/themes/nokri/images/line-shape.png]
[bluffpersonnel.com/wp-content/themes/nokri/images/line2-shape.png]
[bluffpersonnel.com/wp-content/themes/nokri/images/top-companies-bg.png]
[bluffpersonnel.com/wp-content/themes/nokri/images/resource-bg.png]
[bluffpersonnel.com/wp-content/themes/nokri/css/theme0899.css]
[bluffpersonnel.com/wp-content/themes/nokri/images/search-shadow.png]
[bluffpersonnel.com/wp-content/themes/nokri/css/modern0899.css]
[bluffpersonnel.com/wp-content/themes/nokri/css/colors/purple0899.css]
[bluffpersonnel.com/wp-content/plugins/elementor/assets/lib/eicons/fonts/eicons9506.eot]
[bluffpersonnel.com/wp-content/plugins/elementor/assets/lib/eicons/fonts/eicons9506.woff2]
[bluffpersonnel.com/wp-content/plugins/elementor/assets/lib/eicons/fonts/eicons9506.woff]
[bluffpersonnel.com/wp-content/plugins/elementor/assets/lib/eicons/fonts/eicons9506.ttf]
[bluffpersonnel.com/wp-content/plugins/elementor/assets/lib/eicons/css/elementor-icons.min192d.css]
[bluffpersonnel.com/wp-content/plugins/elementor/assets/css/frontend-lite.minafc7.css]
[bluffpersonnel.com/wp-content/plugins/elementor/assets/lib/swiper/v8/css/swiper.min94a4.css]
[bluffpersonnel.com/wp-content/uploads/elementor/css/post-15a774.css]
[bluffpersonnel.com/wp-content/plugins/elementor-pro/assets/css/frontend-lite.min6b60.css]
[bluffpersonnel.com/wp-content/uploads/elementor/css/global2ec7.css]
[bluffpersonnel.com/wp-content/uploads/2023/09/istockphoto-1443576938-1024x1024-82wfLovdh-transformed-copy.jpg]
[bluffpersonnel.com/wp-content/uploads/elementor/css/post-708c483.css]
[bluffpersonnel.com/wp-content/uploads/elementor/css/post-15232ec7.css]
[bluffpersonnel.com/wp-content/uploads/elementor/css/post-15302ec7.css]
[bluffpersonnel.com/wp-content/plugins/pro-pack-for-wp-job-openings/assets/img/flags.png]
[bluffpersonnel.com/wp-content/plugins/pro-pack-for-wp-job-openings/assets/img/flags@2x.png]
[bluffpersonnel.com/wp-content/plugins/pro-pack-for-wp-job-openings/assets/css/intlTelInput.min9633.css]
[bluffpersonnel.com/wp-content/plugins/pro-pack-for-wp-job-openings/assets/css/style.minee9a.css]
[bluffpersonnel.com/wp-content/plugins/essential-addons-for-elementor-lite/assets/front-end/css/view/general.min0fbe.css]
[bluffpersonnel.com/wp-content/plugins/elementor/assets/lib/font-awesome/css/fontawesome.min52d5.css]
[bluffpersonnel.com/wp-content/plugins/elementor/assets/lib/font-awesome/webfonts/fa-solid-900.eot]
[bluffpersonnel.com/wp-content/plugins/elementor/assets/lib/font-awesome/webfonts/fa-solid-900d41d.eot]
[bluffpersonnel.com/wp-content/plugins/elementor/assets/lib/font-awesome/webfonts/fa-solid-900.woff2]
[bluffpersonnel.com/wp-content/plugins/elementor/assets/lib/font-awesome/webfonts/fa-solid-900.woff]
[bluffpersonnel.com/wp-content/plugins/elementor/assets/lib/font-awesome/webfonts/fa-solid-900.ttf]
[bluffpersonnel.com/wp-content/plugins/elementor/assets/lib/font-awesome/css/solid.min52d5.css]
[bluffpersonnel.com/wp-content/plugins/elementor/assets/lib/font-awesome/webfonts/fa-regular-400.eot]
[bluffpersonnel.com/wp-content/plugins/elementor/assets/lib/font-awesome/webfonts/fa-regular-400d41d.eot]
[bluffpersonnel.com/wp-content/plugins/elementor/assets/lib/font-awesome/webfonts/fa-regular-400.woff2]
[bluffpersonnel.com/wp-content/plugins/elementor/assets/lib/font-awesome/webfonts/fa-regular-400.woff]
[bluffpersonnel.com/wp-content/plugins/elementor/assets/lib/font-awesome/webfonts/fa-regular-400.ttf]
[bluffpersonnel.com/wp-content/plugins/elementor/assets/lib/font-awesome/css/regular.min52d5.css]
[bluffpersonnel.com/wp-content/plugins/elementor/assets/lib/font-awesome/webfonts/fa-brands-400.eot]
[bluffpersonnel.com/wp-content/plugins/elementor/assets/lib/font-awesome/webfonts/fa-brands-400d41d.eot]
[bluffpersonnel.com/wp-content/plugins/elementor/assets/lib/font-awesome/webfonts/fa-brands-400.woff2]
[bluffpersonnel.com/wp-content/plugins/elementor/assets/lib/font-awesome/webfonts/fa-brands-400.woff]
[bluffpersonnel.com/wp-content/plugins/elementor/assets/lib/font-awesome/webfonts/fa-brands-400.ttf]
[bluffpersonnel.com/wp-content/plugins/elementor/assets/lib/font-awesome/css/brands.min52d5.css]
[bluffpersonnel.com/wp-content/plugins/elementor-pro/assets/css/widget-nav-menu.min.css]
[bluffpersonnel.com/wp-content/uploads/elementor/css/post-289646b.css]
[bluffpersonnel.com/wp-json/wp/v2/pages/289.json]
[bluffpersonnel.com/wp-json/oembed/1.0/embed869f.json]
[bluffpersonnel.com/wp-json/oembed/1.0/embed5a6a]
[bluffpersonnel.com/wp-content/uploads/2023/09/istockphoto-1442579000-170667a.jpg]
[bluffpersonnel.com/wp-content/uploads/2023/08/kevin-grieve-QCdRhVj7N8w-unsplash-1000x1000.jpg]
[bluffpersonnel.com/wp-content/uploads/2023/07/austin-distel-jpHw8ndwJ_Q-unsplash-1000x1000.jpg]
[bluffpersonnel.com/wp-content/uploads/2023/08/christina-wocintechchat-com-yyp_HpXrUfw-unsplash-1000x1000.jpg]
[bluffpersonnel.com/wp-content/uploads/2023/07/george-prentzas-SRFG7iwktDk-unsplash-1000x1000.jpg]
[bluffpersonnel.com/wp-content/uploads/2023/07/Joe-White-New.jpg]
[bluffpersonnel.com/wp-content/uploads/2023/07/Shavera-Sayed-New.jpg]
[bluffpersonnel.com/wp-content/uploads/elementor/css/post-1677646b.css]
[bluffpersonnel.com/wp-content/uploads/elementor/css/post-1680646b.css]
[bluffpersonnel.com/wp-includes/js/imagesloaded.minbb93.js]
[bluffpersonnel.com/about-us/index.html]
[bluffpersonnel.com/wp-content/uploads/elementor/css/post-175168d3.css]
[bluffpersonnel.com/wp-json/wp/v2/pages/1751.json]
[bluffpersonnel.com/wp-json/oembed/1.0/embedfcd6.json]
[bluffpersonnel.com/wp-json/oembed/1.0/embed90c9]
[bluffpersonnel.com/job-openings/index.html]
[bluffpersonnel.com/jobs/coffee-shop-supervisor/index.html]
[bluffpersonnel.com/apply/index.html]
[bluffpersonnel.com/jobs/fitter/index.html]
[bluffpersonnel.com/jobs/butchery-manager/index.html]
[bluffpersonnel.com/wp-content/uploads/elementor/css/post-2915f22.css]
[bluffpersonnel.com/jobs/technical-project-manager/index.html]
[bluffpersonnel.com/jobs/inspector-2/index.html]
[bluffpersonnel.com/jobs/plant-manager/index.html]
[bluffpersonnel.com/jobs/workshop-administrator/index.html]
[bluffpersonnel.com/wp-json/wp/v2/pages/291.json]
[bluffpersonnel.com/jobs/creditors-clerk/index.html]
[bluffpersonnel.com/jobs/the-spar-groups-yes4youth-programme-2025/index.html]
[bluffpersonnel.com/jobs/industrial-waste-customer-care-supervisor/index.html]
[bluffpersonnel.com/wp-json/oembed/1.0/embed34a8.json]
[bluffpersonnel.com/wp-json/oembed/1.0/embedce48]
[bluffpersonnel.com/wp-content/plugins/elementor/assets/css/widget-icon-list.min.css]
[bluffpersonnel.com/contact-us/index.html]
[bluffpersonnel.com/wp-content/plugins/elementor-pro/assets/css/widget-animated-headline.min.css]
[bluffpersonnel.com/wp-content/plugins/elementor/assets/css/widget-icon-box.min.css]
[bluffpersonnel.com/wp-content/plugins/woocommerce/assets/client/blocks/wc-blocks7a01.css]
[bluffpersonnel.com/wp-content/plugins/essential-addons-for-elementor-lite/assets/front-end/css/view/scroll-to-top.min0fbe.css]
[bluffpersonnel.com/wp-content/uploads/elementor/css/post-1892c483.css]
[bluffpersonnel.com/wp-content/uploads/elementor/css/post-1895c483.css]
[bluffpersonnel.com/wp-content/uploads/elementor/css/post-1898c483.css]
[bluffpersonnel.com/wp-content/uploads/elementor/css/post-1902c483.css]
[bluffpersonnel.com/wp-content/plugins/elementor/assets/lib/animations/animations.minafc7.css]
[bluffpersonnel.com/wp-content/plugins/wp-job-openings/assets/fonts/awsm-jobs-icomoon062a.svg]
[bluffpersonnel.com/wp-content/plugins/wp-job-openings/assets/img/loading.svg]
[bluffpersonnel.com/wp-content/plugins/woocommerce/assets/images/icons/loader.svg]
[bluffpersonnel.com/wp-content/themes/nokri/fonts/glyphicons-halflings-regular.svg]
[bluffpersonnel.com/wp-content/themes/nokri/css/owl.video.play.html]
[bluffpersonnel.com/wp-content/themes/nokri/fonts/et-line.svg]
[bluffpersonnel.com/wp-content/plugins/elementor/assets/lib/font-awesome/fonts/fontawesome-webfont3e6e.svg]
[bluffpersonnel.com/wp-content/themes/nokri/fonts/line-awesomeeb4f.svg]
[bluffpersonnel.com/wp-content/themes/nokri/images/spritemap@2x.html]
[bluffpersonnel.com/wp-content/themes/nokri/css/img/loading.html]
[bluffpersonnel.com/wp-content/themes/nokri/css/img/loading-sm.html]
[bluffpersonnel.com/wp-content/themes/nokri/fonts/themify.svg]
[bluffpersonnel.com/wp-content/themes/nokri/css/close.html]
[bluffpersonnel.com/wp-content/themes/nokri/images/how-it-works.html]
[bluffpersonnel.com/wp-content/themes/nokri/images/style.html]
[bluffpersonnel.com/wp-content/themes/nokri/images/style-left.html]
[bluffpersonnel.com/wp-content/themes/nokri/images/slider-image.html]
[bluffpersonnel.com/wp-content/themes/nokri/images/bg/4.html]
[bluffpersonnel.com/wp-content/themes/nokri/images/calltoaction-two-bg.html]
[bluffpersonnel.com/wp-content/themes/nokri/images/price.html]
[bluffpersonnel.com/wp-content/themes/nokri/images/price-box-bg.html]
[bluffpersonnel.com/wp-content/themes/nokri/images/bg.html]
[bluffpersonnel.com/wp-content/themes/nokri/images/blog-big-elements.html]
[bluffpersonnel.com/wp-content/themes/nokri/images/collage.html]
[bluffpersonnel.com/wp-content/themes/nokri/images/lines.html]
[bluffpersonnel.com/wp-content/themes/nokri/images/pattern-1.html]
[bluffpersonnel.com/wp-content/themes/nokri/images/2.html]
[bluffpersonnel.com/wp-content/themes/nokri/images/hero.html]
[bluffpersonnel.com/wp-content/themes/nokri/images/id-1.html]
[bluffpersonnel.com/wp-content/themes/nokri/images/style-2.html]
[bluffpersonnel.com/wp-content/themes/nokri/images/qa.html]
[bluffpersonnel.com/wp-content/themes/nokri/images/re.html]
[bluffpersonnel.com/wp-content/themes/nokri/images/re-1.html]
[bluffpersonnel.com/wp-content/themes/nokri/images/ax-1.html]
[bluffpersonnel.com/wp-content/themes/nokri/images/ax.html]
[bluffpersonnel.com/wp-content/themes/nokri/images/gb-1.html]
[bluffpersonnel.com/wp-content/themes/nokri/images/homer.html]
[bluffpersonnel.com/wp-content/themes/nokri/images/m1.html]
[bluffpersonnel.com/wp-content/themes/nokri/images/m2.html]
[bluffpersonnel.com/wp-content/themes/nokri/images/clouds.html]
[bluffpersonnel.com/wp-content/themes/nokri/images/sr.html]
[bluffpersonnel.com/wp-content/themes/nokri/imgs/breadcrumb-bg.html]
[bluffpersonnel.com/wp-content/themes/nokri/imgs/profile-bg.html]
[bluffpersonnel.com/wp-content/themes/nokri/images/index5-2.html]
[bluffpersonnel.com/wp-content/themes/nokri/images/index5-1.html]
[bluffpersonnel.com/wp-content/themes/nokri/images/199.html]
[bluffpersonnel.com/wp-content/themes/nokri/images/16.html]
[bluffpersonnel.com/wp-content/themes/nokri/images/15.html]
[bluffpersonnel.com/wp-content/plugins/elementor/assets/lib/eicons/fonts/eicons9506.svg]
[bluffpersonnel.com/wp-content/plugins/elementor/assets/lib/font-awesome/webfonts/fa-solid-900.svg]
[bluffpersonnel.com/wp-content/plugins/elementor/assets/lib/font-awesome/webfonts/fa-regular-400.svg]
[bluffpersonnel.com/wp-content/plugins/elementor/assets/lib/font-awesome/webfonts/fa-brands-400.svg]
[bluffpersonnel.com/wp-content/uploads/2023/08/jeriden-villegas-VLPUm5wP5Z0-unsplash-scaled.jpg]
[bluffpersonnel.com/wp-content/uploads/elementor/css/post-289646b.css]
[bluffpersonnel.com/index8902.html]
[bluffpersonnel.com/wp-content/uploads/elementor/css/post-1677646b.css]
[bluffpersonnel.com/wp-content/uploads/elementor/css/post-1680646b.css]
[bluffpersonnel.com/wp-content/uploads/2023/08/maxime-agnelli-QC1oHW5JVu4-unsplash-scaled.jpg]
[bluffpersonnel.com/wp-content/uploads/elementor/css/post-175168d3.css]
[bluffpersonnel.com/indexf549.html]
[bluffpersonnel.com/wp-content/uploads/essential-addons-elementor/eael-16347c42.css]
[bluffpersonnel.com/wp-content/plugins/gravityforms/assets/css/dist/gravity-forms-theme-reset.min27a2.css]
[bluffpersonnel.com/wp-content/plugins/gravityforms/assets/css/dist/gravity-forms-theme-foundation.min27a2.css]
[bluffpersonnel.com/wp-content/plugins/gravityforms/assets/css/dist/gravity-forms-theme-framework.min27a2.css]
[bluffpersonnel.com/wp-content/uploads/elementor/css/post-16345d33.css]
[bluffpersonnel.com/wp-json/wp/v2/pages/1634.json]
[bluffpersonnel.com/wp-json/oembed/1.0/embede9e0.json]
[bluffpersonnel.com/wp-json/oembed/1.0/embed7724]
[bluffpersonnel.com/wp-content/plugins/gravityforms/assets/css/dist/basic.min27a2.css]
[bluffpersonnel.com/wp-content/plugins/gravityforms/assets/css/dist/theme-ie11.min27a2.css]
[bluffpersonnel.com/wp-content/plugins/gravityforms/assets/css/dist/theme.min27a2.css]
[bluffpersonnel.com/wp-includes/js/dist/dom-ready.min5346.js]
[bluffpersonnel.com/wp-includes/js/dist/a11y.min3f73.js]
[bluffpersonnel.com/wp-content/plugins/gravityforms/js/jquery.json.min27a2.js]
[bluffpersonnel.com/wp-content/plugins/gravityforms/js/gravityforms.min27a2.js]
[bluffpersonnel.com/wp-includes/js/jquery/ui/datepicker.minb37e.js]
[bluffpersonnel.com/wp-content/plugins/gravityforms/js/datepicker-legacy.min27a2.js]
[bluffpersonnel.com/wp-content/plugins/gravityforms/js/datepicker.min27a2.js]
[bluffpersonnel.com/wp-content/plugins/gravityforms/js/placeholders.jquery.min27a2.js]
[bluffpersonnel.com/wp-content/plugins/gravityforms/assets/js/dist/utils.minc64e.js]
[bluffpersonnel.com/wp-content/plugins/gravityforms/assets/js/dist/vendor-theme.minb7e3.js]
[bluffpersonnel.com/wp-content/plugins/gravityforms/assets/js/dist/scripts-theme.min5eab.js]
[bluffpersonnel.com/apply/index.html]
[bluffpersonnel.com/wp-json/wp/v2/awsm_job_openings/3235.json]
[bluffpersonnel.com/wp-json/oembed/1.0/embed3dfd.json]
[bluffpersonnel.com/wp-json/oembed/1.0/embeda134]
[bluffpersonnel.com/wp-content/uploads/2025/02/CXP128-2025-Coffee-Shop-Supervisor.png]
[bluffpersonnel.com/jobs/coffee-shop-supervisor/index.html]
[bluffpersonnel.com/wp-json/wp/v2/awsm_job_openings/3233.json]
[bluffpersonnel.com/job-type/contract/index.html]
[bluffpersonnel.com/job-location/durban-north/index.html]
[bluffpersonnel.com/job-category/coffee-shop-supervisor/index.html]
[bluffpersonnel.com/wp-json/oembed/1.0/embed97bf.json]
[bluffpersonnel.com/wp-json/oembed/1.0/embed294d]
[bluffpersonnel.com/jobs/butchery-manager/index.html]
[bluffpersonnel.com/wp-content/uploads/2025/02/CXP127-2025-Butchery-Manager.png]
[bluffpersonnel.com/wp-json/wp/v2/awsm_job_openings/3231.json]
[bluffpersonnel.com/job-category/butchery-manager/index.html]
[bluffpersonnel.com/wp-json/oembed/1.0/embedb60a.json]
[bluffpersonnel.com/wp-json/oembed/1.0/embede194]
[bluffpersonnel.com/wp-content/uploads/2025/02/CXP126-2025-Fitter.png]
[bluffpersonnel.com/jobs/fitter/index.html]
[bluffpersonnel.com/wp-json/wp/v2/awsm_job_openings/3229.json]
[bluffpersonnel.com/job-location/durban/index.html]
[bluffpersonnel.com/job-category/fitter/index.html]
[bluffpersonnel.com/wp-json/oembed/1.0/embed87cc.json]
[bluffpersonnel.com/wp-json/oembed/1.0/embeda8c2]
[bluffpersonnel.com/wp-content/uploads/2025/02/CXP125-2025-Technical-PM.png]
[bluffpersonnel.com/jobs/technical-project-manager/index.html]
[bluffpersonnel.com/wp-json/wp/v2/awsm_job_openings/3227.json]
[bluffpersonnel.com/job-category/technical-project-manager/index.html]
[bluffpersonnel.com/job-location/westmead-pinetown/index.html]
[bluffpersonnel.com/wp-json/oembed/1.0/embed7f96.json]
[bluffpersonnel.com/wp-json/oembed/1.0/embedf95b]
[bluffpersonnel.com/wp-content/uploads/2025/02/CXP124-2025-Inspector.png]
[bluffpersonnel.com/jobs/inspector-2/index.html]
[bluffpersonnel.com/wp-json/wp/v2/awsm_job_openings/3189.json]
[bluffpersonnel.com/job-category/inspector/index.html]
[bluffpersonnel.com/job-type/full-time/index.html]
[bluffpersonnel.com/job-location/bayhead-durban/index.html]
[bluffpersonnel.com/wp-json/oembed/1.0/embed5c7c.json]
[bluffpersonnel.com/wp-json/oembed/1.0/embed79ee]
[bluffpersonnel.com/jobs/plant-manager/index.html]
[bluffpersonnel.com/wp-json/wp/v2/awsm_job_openings/3187.json]
[bluffpersonnel.com/job-category/plant-manager/index.html]
[bluffpersonnel.com/wp-json/oembed/1.0/embed9419.json]
[bluffpersonnel.com/wp-json/oembed/1.0/embed0b36]
[bluffpersonnel.com/jobs/workshop-administrator/index.html]
[bluffpersonnel.com/wp-json/wp/v2/awsm_job_openings/3186.json]
[bluffpersonnel.com/job-category/workshop-administrator/index.html]
[bluffpersonnel.com/wp-json/oembed/1.0/embed0a41.json]
[bluffpersonnel.com/wp-json/oembed/1.0/embed0aa7]
[bluffpersonnel.com/jobs/creditors-clerk/index.html]
[bluffpersonnel.com/wp-json/wp/v2/awsm_job_openings/3185.json]
[bluffpersonnel.com/wp-json/oembed/1.0/embed7f65.json]
[bluffpersonnel.com/wp-json/oembed/1.0/embeddb69]
[bluffpersonnel.com/jobs/the-spar-groups-yes4youth-programme-2025/index.html]
[bluffpersonnel.com/wp-json/wp/v2/awsm_job_openings/3184.json]
[bluffpersonnel.com/job-category/spar-groups-yes4youth-programme-2025/index.html]
[bluffpersonnel.com/wp-json/oembed/1.0/embed39b5.json]
[bluffpersonnel.com/wp-json/oembed/1.0/embed641e]
[bluffpersonnel.com/jobs/industrial-waste-customer-care-supervisor/index.html]
[bluffpersonnel.com/wp-content/uploads/elementor/css/post-2915f22.css]
[bluffpersonnel.com/index820e.html]
[bluffpersonnel.com/wp-content/plugins/elementor/assets/css/widget-icon-list.min.css]
[bluffpersonnel.com/wp-content/uploads/essential-addons-elementor/eael-16347c42.css]
[bluffpersonnel.com/wp-content/plugins/essential-addons-for-elementor-lite/assets/admin/images/templately/logo-icon.svg]
[bluffpersonnel.com/wp-content/plugins/gravityforms/assets/css/dist/gravity-forms-theme-reset.min27a2.css]
[bluffpersonnel.com/wp-content/plugins/gravityforms/images/theme/chosen/chosen-sprite.png]
[bluffpersonnel.com/wp-content/plugins/gravityforms/images/theme/chosen/chosen-sprite@2x.png]
[bluffpersonnel.com/wp-content/plugins/gravityforms/assets/css/dist/gravity-forms-theme-foundation.min27a2.css]
[bluffpersonnel.com/wp-content/plugins/gravityforms/fonts/gform-icons-orbitale6d6.woff2]
[bluffpersonnel.com/wp-content/plugins/gravityforms/fonts/gform-icons-orbitale6d6.ttf]
[bluffpersonnel.com/wp-content/plugins/gravityforms/fonts/gform-icons-orbitale6d6.woff]
[bluffpersonnel.com/wp-content/plugins/gravityforms/assets/css/dist/gravity-forms-theme-framework.min27a2.css]
[bluffpersonnel.com/wp-content/uploads/2018/10/acasc.jpg]
[bluffpersonnel.com/wp-content/uploads/elementor/css/post-16345d33.css]
[bluffpersonnel.com/indexc777.html]
[bluffpersonnel.com/wp-content/plugins/gravityforms/images/datepicker/datepicker.svg]
[bluffpersonnel.com/wp-content/plugins/gravityforms/images/spinner.svg]
[bluffpersonnel.com/job-category/industrial-waste-customer-care-supervisor/index.html]
[bluffpersonnel.com/wp-content/plugins/gravityforms/fonts/gform-icons-themef60a.woff2]
[bluffpersonnel.com/wp-content/plugins/gravityforms/fonts/gform-icons-themef60a.ttf]
[bluffpersonnel.com/wp-content/plugins/gravityforms/fonts/gform-icons-themef60a.woff]
[bluffpersonnel.com/wp-content/plugins/gravityforms/legacy/css/chosen-sprite.png]
[bluffpersonnel.com/wp-content/plugins/gravityforms/legacy/css/chosen-sprite@2x.png]
[bluffpersonnel.com/wp-content/plugins/gravityforms/assets/css/dist/basic.min27a2.css]
[bluffpersonnel.com/wp-content/plugins/gravityforms/assets/css/dist/theme-components.min27a2.css]
[bluffpersonnel.com/wp-content/plugins/gravityforms/assets/css/dist/theme-ie11.min27a2.css]
[bluffpersonnel.com/wp-content/plugins/gravityforms/assets/css/dist/theme.min27a2.css]
[bluffpersonnel.com/wp-content/plugins/gravityforms/assets/css/dist/gravity-forms-orbital-theme.min27a2.css]
[bluffpersonnel.com/wp-content/uploads/essential-addons-elementor/eael-16347c42.js]
[bluffpersonnel.com/indexc416.html]
[bluffpersonnel.com/job-category/coffee-shop-supervisor/index.html]
[bluffpersonnel.com/job-type/contract/index.html]
[bluffpersonnel.com/job-location/durban-north/index.html]
[bluffpersonnel.com/jobs/gifs-academic-program/index.html]
[bluffpersonnel.com/index3963.html]
[bluffpersonnel.com/jobs/community-liaison-officers/index.html]
[bluffpersonnel.com/job-category/coffee-shop-supervisor/feed/index.html]
[bluffpersonnel.com/job-category/butchery-manager/index.html]
[bluffpersonnel.com/job-type/contract/feed/index.html]
[bluffpersonnel.com/job-type/contract/page/2/index.html]
[bluffpersonnel.com/index78d4.html]
[bluffpersonnel.com/job-type/contract/page/3/index.html]
[bluffpersonnel.com/jobs/retail-managers/index.html]
[bluffpersonnel.com/jobs/adhoc-facilitators/index.html]
[bluffpersonnel.com/job-category/fitter/index.html]
[bluffpersonnel.com/jobs/chefs-deli-sushi/index.html]
[bluffpersonnel.com/job-location/durban-north/feed/index.html]
[bluffpersonnel.com/job-location/durban/index.html]
[bluffpersonnel.com/jobs/senior-real-estate-agents/index.html]
[bluffpersonnel.com/jobs/process-support-technician/index.html]
[bluffpersonnel.com/jobs/intern-real-estate-agents/index.html]
[bluffpersonnel.com/index91a1.html]
[bluffpersonnel.com/jobs/financial-admin-supervisor/index.html]
[bluffpersonnel.com/jobs/sales-administrator/index.html]
[bluffpersonnel.com/job-category/technical-project-manager/index.html]
[bluffpersonnel.com/job-location/durban-north/page/2/index.html]
[bluffpersonnel.com/job-category/butchery-manager/feed/index.html]
[bluffpersonnel.com/job-location/westmead-pinetown/index.html]
[bluffpersonnel.com/jobs/industrial-waste-sales-consultants/index.html]
[bluffpersonnel.com/job-category/fitter/feed/index.html]
[bluffpersonnel.com/index710a.html]
[bluffpersonnel.com/job-location/durban/feed/index.html]
[bluffpersonnel.com/jobs/internship-work-programme/index.html]
[bluffpersonnel.com/job-category/inspector/index.html]
[bluffpersonnel.com/jobs/sales-manager-2/index.html]
[bluffpersonnel.com/jobs/maintenance-electrician-3/index.html]
[bluffpersonnel.com/job-type/full-time/index.html]
[bluffpersonnel.com/jobs/inspector/index.html]
[bluffpersonnel.com/jobs/process-engineer/index.html]
[bluffpersonnel.com/job-location/bayhead-durban/index.html]
[bluffpersonnel.com/jobs/instrumentation-electrical-site-manager/index.html]
[bluffpersonnel.com/job-category/technical-project-manager/feed/index.html]
[bluffpersonnel.com/indexb1a6.html]
[bluffpersonnel.com/job-location/westmead-pinetown/feed/index.html]
[bluffpersonnel.com/job-category/inspector/feed/index.html]
[bluffpersonnel.com/job-type/full-time/feed/index.html]
[bluffpersonnel.com/job-category/plant-manager/index.html]
[bluffpersonnel.com/jobs/landfill-engineer-3/index.html]
[bluffpersonnel.com/jobs/finance-manager/index.html]
[bluffpersonnel.com/indexe66a.html]
[bluffpersonnel.com/job-type/full-time/page/2/index.html]
[bluffpersonnel.com/jobs/maintenance-manager/index.html]
[bluffpersonnel.com/job-category/workshop-administrator/index.html]
[bluffpersonnel.com/job-type/full-time/page/3/index.html]
[bluffpersonnel.com/job-type/full-time/page/4/index.html]
[bluffpersonnel.com/indexa9fa.html]
[bluffpersonnel.com/job-type/full-time/page/5/index.html]
[bluffpersonnel.com/job-type/full-time/page/6/index.html]
[bluffpersonnel.com/jobs/electro-mechanical-technician/index.html]
[bluffpersonnel.com/index454a.html]
[bluffpersonnel.com/jobs/mechanical-fitter/index.html]
[bluffpersonnel.com/job-location/bayhead-durban/feed/index.html]
[bluffpersonnel.com/jobs/millwright-3/index.html]
[bluffpersonnel.com/job-category/spar-groups-yes4youth-programme-2025/index.html]
[bluffpersonnel.com/jobs/operator-boring-mill-lathe-machine/index.html]
[bluffpersonnel.com/job-category/creditors-clerk/index.html]
[bluffpersonnel.com/indexa26c.html]
[bluffpersonnel.com/job-category/industrial-waste-customer-care-supervisor/index.html]
[bluffpersonnel.com/job-category/plant-manager/feed/index.html]
[bluffpersonnel.com/wp-content/plugins/gravityforms/images/theme/down-arrow.svg]
[bluffpersonnel.com/wp-content/plugins/gravityforms/images/gf-creditcards.svg]
[bluffpersonnel.com/wp-content/plugins/gravityforms/images/gf-creditcards-check.svg]
[bluffpersonnel.com/wp-content/plugins/gravityforms/fonts/gform-icons-orbitale6d6.svg]
[bluffpersonnel.com/wp-content/plugins/gravityforms/fonts/gform-icons-themef60a.svg]
[bluffpersonnel.com/wp-content/plugins/gravityforms/images/list-add.svg]
[bluffpersonnel.com/wp-content/plugins/gravityforms/images/list-remove.svg]
[bluffpersonnel.com/job-category/workshop-administrator/feed/index.html]
[bluffpersonnel.com/job-category/industrial-waste-customer-care-supervisor/feed/index.html]
[bluffpersonnel.com/job-category/spar-groups-yes4youth-programme-2025/feed/index.html]
[bluffpersonnel.com/wp-json/wp/v2/awsm_job_openings/3181.json]
[bluffpersonnel.com/wp-json/oembed/1.0/embed789a.json]
[bluffpersonnel.com/wp-json/oembed/1.0/embed2aac]
[bluffpersonnel.com/jobs/community-liaison-officers/index.html]
[bluffpersonnel.com/wp-json/wp/v2/awsm_job_openings/3144.json]
[bluffpersonnel.com/job-category/community-liaison-officers/index.html]
[bluffpersonnel.com/job-location/amatikulu/index.html]
[bluffpersonnel.com/wp-json/oembed/1.0/embed78bc.json]
[bluffpersonnel.com/wp-json/oembed/1.0/embedd828]
[bluffpersonnel.com/jobs/gifs-academic-program/index.html]
[bluffpersonnel.com/job-location/bryanston/index.html]
[bluffpersonnel.com/job-category/gifs-learnership/index.html]
[bluffpersonnel.com/job-location/irene/index.html]
[bluffpersonnel.com/job-location/pretoria/index.html]
[bluffpersonnel.com/job-type/contract/page/2/index.html]
[bluffpersonnel.com/job-location/sandton/index.html]
[bluffpersonnel.com/jobs/spar-yes-for-youth-programme/index.html]
[bluffpersonnel.com/jobs/clothing-textile-internship/index.html]
[bluffpersonnel.com/jobs/gifs-the-iig-information-systems-technology-program-2/index.html]
[bluffpersonnel.com/job-type/contract/page/3/index.html]
[bluffpersonnel.com/jobs/the-iig-information-systems-technology-program/index.html]
[bluffpersonnel.com/jobs/yes-for-youth-graduates-3/index.html]
[bluffpersonnel.com/jobs/debtors-clerk/index.html]
[bluffpersonnel.com/jobs/yes-for-youth-program-2/index.html]
[bluffpersonnel.com/jobs/yes-for-youth-graduates-2/index.html]
[bluffpersonnel.com/wp-json/wp/v2/awsm_job_openings/3108.json]
[bluffpersonnel.com/jobs/yes-for-youth-graduates/index.html]
[bluffpersonnel.com/jobs/yes-for-youth-program/index.html]
[bluffpersonnel.com/jobs/junior-buyer/index.html]
[bluffpersonnel.com/jobs/maintenance-fitter-supervisor/index.html]
[bluffpersonnel.com/wp-json/oembed/1.0/embed8dfa.json]
[bluffpersonnel.com/jobs/plant-manager-wastewater-plant/index.html]
[bluffpersonnel.com/wp-json/oembed/1.0/embed4642]
[bluffpersonnel.com/jobs/adhoc-facilitators/index.html]
[bluffpersonnel.com/job-location/bergville/index.html]
[bluffpersonnel.com/job-category/adhoc-facilitators/index.html]
[bluffpersonnel.com/job-type/freelance/index.html]
[bluffpersonnel.com/job-location/ballito/index.html]
[bluffpersonnel.com/job-location/howich/index.html]
[bluffpersonnel.com/job-location/estcourt/index.html]
[bluffpersonnel.com/job-location/hilton/index.html]
[bluffpersonnel.com/job-location/harding/index.html]
[bluffpersonnel.com/wp-json/wp/v2/awsm_job_openings/3107.json]
[bluffpersonnel.com/job-location/kokstad/index.html]
[bluffpersonnel.com/job-location/ladysmith/index.html]
[bluffpersonnel.com/job-location/pmb/index.html]
[bluffpersonnel.com/job-location/richards-bay/index.html]
[bluffpersonnel.com/wp-json/oembed/1.0/embedbbd8.json]
[bluffpersonnel.com/job-location/south-coast/index.html]
[bluffpersonnel.com/job-location/vryheid/index.html]
[bluffpersonnel.com/wp-json/oembed/1.0/embed9ba7]
[bluffpersonnel.com/jobs/retail-managers/index.html]
[bluffpersonnel.com/wp-json/wp/v2/awsm_job_openings/3106.json]
[bluffpersonnel.com/job-category/retail-managers/index.html]
[bluffpersonnel.com/wp-json/oembed/1.0/embed0f9f.json]
[bluffpersonnel.com/wp-json/oembed/1.0/embed03d2]
[bluffpersonnel.com/jobs/chefs-deli-sushi/index.html]
[bluffpersonnel.com/wp-json/wp/v2/awsm_job_openings/3079.json]
[bluffpersonnel.com/job-category/chefs-deli-sushi/index.html]
[bluffpersonnel.com/wp-json/oembed/1.0/embed5e5d.json]
[bluffpersonnel.com/wp-json/oembed/1.0/embed5203]
[bluffpersonnel.com/jobs/process-support-technician/index.html]
[bluffpersonnel.com/wp-json/wp/v2/awsm_job_openings/3077.json]
[bluffpersonnel.com/job-category/process-support-tech/index.html]
[bluffpersonnel.com/wp-json/oembed/1.0/embed6b59.json]
[bluffpersonnel.com/wp-json/oembed/1.0/embed142e]
[bluffpersonnel.com/jobs/intern-real-estate-agents/index.html]
[bluffpersonnel.com/job-location/midrand/index.html]
[bluffpersonnel.com/job-location/musgrave/index.html]
[bluffpersonnel.com/job-location/morningside/index.html]
[bluffpersonnel.com/job-category/intern-real-estate-agent/index.html]
[bluffpersonnel.com/wp-json/wp/v2/awsm_job_openings/3076.json]
[bluffpersonnel.com/job-location/rosebank/index.html]
[bluffpersonnel.com/job-location/umhlanga/index.html]
[bluffpersonnel.com/wp-json/oembed/1.0/embed614e.json]
[bluffpersonnel.com/wp-json/oembed/1.0/embed9544]
[bluffpersonnel.com/jobs/senior-real-estate-agents/index.html]
[bluffpersonnel.com/wp-json/wp/v2/awsm_job_openings/3068.json]
[bluffpersonnel.com/job-category/senior-real-estate-agents/index.html]
[bluffpersonnel.com/wp-json/oembed/1.0/embed5be8.json]
[bluffpersonnel.com/wp-json/oembed/1.0/embede395]
[bluffpersonnel.com/jobs/financial-admin-supervisor/index.html]
[bluffpersonnel.com/wp-json/wp/v2/awsm_job_openings/2510.json]
[bluffpersonnel.com/job-category/financial-admin-supervisor/index.html]
[bluffpersonnel.com/wp-json/oembed/1.0/embedcc61.json]
[bluffpersonnel.com/wp-json/oembed/1.0/embeddd72]
[bluffpersonnel.com/jobs/sales-administrator/index.html]
[bluffpersonnel.com/job-location/durban-north/page/2/index.html]
[bluffpersonnel.com/wp-json/wp/v2/awsm_job_openings/3183.json]
[bluffpersonnel.com/jobs/millwright-2/index.html]
[bluffpersonnel.com/job-category/sales-administrator/index.html]
[bluffpersonnel.com/wp-json/oembed/1.0/embed5063.json]
[bluffpersonnel.com/wp-json/oembed/1.0/embed93ad]
[bluffpersonnel.com/jobs/industrial-waste-sales-consultants/index.html]
[bluffpersonnel.com/wp-json/wp/v2/awsm_job_openings/3130.json]
[bluffpersonnel.com/job-category/industrial-waste-sales-consultants/index.html]
[bluffpersonnel.com/wp-json/oembed/1.0/embedd14e.json]
[bluffpersonnel.com/wp-json/oembed/1.0/embedddb5]
[bluffpersonnel.com/jobs/internship-work-programme/index.html]
[bluffpersonnel.com/wp-json/wp/v2/awsm_job_openings/3116.json]
[bluffpersonnel.com/job-category/internship-work-programme-public-realm-ambassador/index.html]
[bluffpersonnel.com/wp-json/oembed/1.0/embed07d7.json]
[bluffpersonnel.com/wp-json/oembed/1.0/embedecd5]
[bluffpersonnel.com/jobs/sales-manager-2/index.html]
[bluffpersonnel.com/wp-json/wp/v2/awsm_job_openings/3115.json]
[bluffpersonnel.com/job-category/sales-manager/index.html]
[bluffpersonnel.com/wp-json/oembed/1.0/embed77e7.json]
[bluffpersonnel.com/wp-json/oembed/1.0/embed21d6]
[bluffpersonnel.com/jobs/maintenance-electrician-3/index.html]
[bluffpersonnel.com/wp-json/wp/v2/awsm_job_openings/3086.json]
[bluffpersonnel.com/job-category/maintenance-electrician/index.html]
[bluffpersonnel.com/wp-json/oembed/1.0/embed73d9.json]
[bluffpersonnel.com/wp-json/oembed/1.0/embed719b]
[bluffpersonnel.com/jobs/inspector/index.html]
[bluffpersonnel.com/wp-json/wp/v2/awsm_job_openings/2738.json]
[bluffpersonnel.com/wp-json/oembed/1.0/embed61a8.json]
[bluffpersonnel.com/wp-json/oembed/1.0/embed9acb]
[bluffpersonnel.com/jobs/process-engineer/index.html]
[bluffpersonnel.com/wp-json/wp/v2/awsm_job_openings/1845.json]
[bluffpersonnel.com/job-category/process-manager/index.html]
[bluffpersonnel.com/wp-json/oembed/1.0/embed2d90.json]
[bluffpersonnel.com/wp-json/oembed/1.0/embedd914]
[bluffpersonnel.com/jobs/instrumentation-electrical-site-manager/index.html]
[bluffpersonnel.com/wp-json/wp/v2/awsm_job_openings/3150.json]
[bluffpersonnel.com/job-category/manager/index.html]
[bluffpersonnel.com/wp-json/oembed/1.0/embed2e64.json]
[bluffpersonnel.com/wp-json/oembed/1.0/embed3d3d]
[bluffpersonnel.com/wp-content/uploads/2024/10/CXP108-2024-Landfill-Engineer-1.jpg]
[bluffpersonnel.com/jobs/landfill-engineer-3/index.html]
[bluffpersonnel.com/wp-json/wp/v2/awsm_job_openings/3146.json]
[bluffpersonnel.com/job-category/landfill-engineer/index.html]
[bluffpersonnel.com/job-location/stanger/index.html]
[bluffpersonnel.com/wp-json/oembed/1.0/embed2843.json]
[bluffpersonnel.com/wp-json/oembed/1.0/embedcd3a]
[bluffpersonnel.com/jobs/finance-manager/index.html]
[bluffpersonnel.com/wp-json/wp/v2/awsm_job_openings/3121.json]
[bluffpersonnel.com/job-category/finance-manager/index.html]
[bluffpersonnel.com/wp-json/oembed/1.0/embed1f2f.json]
[bluffpersonnel.com/wp-json/oembed/1.0/embedf208]
[bluffpersonnel.com/jobs/maintenance-manager/index.html]
[bluffpersonnel.com/job-type/full-time/page/2/index.html]
[bluffpersonnel.com/job-location/kwadukuza/index.html]
[bluffpersonnel.com/job-category/maintenance-manager/index.html]
[bluffpersonnel.com/jobs/gifs-the-iig-information-systems-technology-program/index.html]
[bluffpersonnel.com/jobs/social-worker/index.html]
[bluffpersonnel.com/job-type/full-time/page/3/index.html]
[bluffpersonnel.com/jobs/operations-specialist-logistics/index.html]
[bluffpersonnel.com/jobs/sales-admin-and-personal-assistant-to-the-director/index.html]
[bluffpersonnel.com/jobs/sales-administrator-2/index.html]
[bluffpersonnel.com/jobs/vacancy-ithuba-administrator-tongaat/index.html]
[bluffpersonnel.com/job-type/full-time/page/4/index.html]
[bluffpersonnel.com/jobs/storeman/index.html]
[bluffpersonnel.com/jobs/storeman-2/index.html]
[bluffpersonnel.com/jobs/commercial-manager/index.html]
[bluffpersonnel.com/jobs/buyer/index.html]
[bluffpersonnel.com/job-type/full-time/page/5/index.html]
[bluffpersonnel.com/jobs/hr-administrator/index.html]
[bluffpersonnel.com/job-type/full-time/page/6/index.html]
[bluffpersonnel.com/jobs/supply-chain-coordinator/index.html]
[bluffpersonnel.com/jobs/sheq-coordinator/index.html]
[bluffpersonnel.com/jobs/financial-controller-2/index.html]
[bluffpersonnel.com/jobs/maintenance-fitter/index.html]
[bluffpersonnel.com/jobs/accounts-clerk/index.html]
[bluffpersonnel.com/jobs/regional-qhse-manager/index.html]
[bluffpersonnel.com/jobs/yard-supervisor/index.html]
[bluffpersonnel.com/wp-json/wp/v2/awsm_job_openings/3143.json]
[bluffpersonnel.com/jobs/technical-buyer/index.html]
[bluffpersonnel.com/jobs/plant-supervisor/index.html]
[bluffpersonnel.com/jobs/laboratory-cleaner/index.html]
[bluffpersonnel.com/jobs/general-buyer/index.html]
[bluffpersonnel.com/wp-json/oembed/1.0/embed5eaf.json]
[bluffpersonnel.com/jobs/diesel-mechanic/index.html]
[bluffpersonnel.com/jobs/assistant-operations-manager/index.html]
[bluffpersonnel.com/jobs/yard-marshall/index.html]
[bluffpersonnel.com/jobs/gate-clerk/index.html]
[bluffpersonnel.com/wp-json/oembed/1.0/embedd1c0]
[bluffpersonnel.com/jobs/electro-mechanical-technician/index.html]
[bluffpersonnel.com/jobs/millwright/index.html]
[bluffpersonnel.com/jobs/regional-stores-driver/index.html]
[bluffpersonnel.com/jobs/security-guard/index.html]
[bluffpersonnel.com/jobs/planner-electrical-and-instrument-projects/index.html]
[bluffpersonnel.com/jobs/financial-controller/index.html]
[bluffpersonnel.com/jobs/landfill-engineer/index.html]
[bluffpersonnel.com/wp-json/wp/v2/awsm_job_openings/3142.json]
[bluffpersonnel.com/job-category/electro-mechanical-techician/index.html]
[bluffpersonnel.com/wp-json/oembed/1.0/embedc4d6.json]
[bluffpersonnel.com/wp-json/oembed/1.0/embed9ae0]
[bluffpersonnel.com/jobs/mechanical-fitter/index.html]
[bluffpersonnel.com/wp-json/wp/v2/awsm_job_openings/3139.json]
[bluffpersonnel.com/job-category/maintenance-fitter/index.html]
[bluffpersonnel.com/wp-json/oembed/1.0/embed0b2f.json]
[bluffpersonnel.com/wp-json/oembed/1.0/embed58fa]
[bluffpersonnel.com/jobs/millwright-3/index.html]
[bluffpersonnel.com/wp-json/wp/v2/awsm_job_openings/1858.json]
[bluffpersonnel.com/job-category/millwright/index.html]
[bluffpersonnel.com/wp-json/oembed/1.0/embedaa6e.json]
[bluffpersonnel.com/wp-json/oembed/1.0/embed797c]
[bluffpersonnel.com/jobs/operator-boring-mill-lathe-machine/index.html]
[bluffpersonnel.com/job-category/creditors-clerk/index.html]
[bluffpersonnel.com/indexd042.html]
[bluffpersonnel.com/job-category/community-liaison-officers/index.html]
[bluffpersonnel.com/job-location/amatikulu/index.html]
[bluffpersonnel.com/job-category/operator/index.html]
[bluffpersonnel.com/index56a9.html]
[bluffpersonnel.com/job-category/gifs-learnership/index.html]
[bluffpersonnel.com/job-category/creditors-clerk/feed/index.html]
[bluffpersonnel.com/job-location/amatikulu/feed/index.html]
[bluffpersonnel.com/job-location/bryanston/index.html]
[bluffpersonnel.com/job-location/irene/index.html]
[bluffpersonnel.com/job-category/community-liaison-officers/feed/index.html]
[bluffpersonnel.com/job-location/pretoria/index.html]
[bluffpersonnel.com/job-category/gifs-learnership/feed/index.html]
[bluffpersonnel.com/job-location/sandton/index.html]
[bluffpersonnel.com/job-location/bryanston/feed/index.html]
[bluffpersonnel.com/job-location/pretoria/feed/index.html]
[bluffpersonnel.com/job-location/irene/feed/index.html]
[bluffpersonnel.com/job-location/sandton/feed/index.html]
[bluffpersonnel.com/wp-json/wp/v2/awsm_job_openings/3126.json]
[bluffpersonnel.com/wp-json/oembed/1.0/embed80c4.json]
[bluffpersonnel.com/wp-json/oembed/1.0/embed01d3]
[bluffpersonnel.com/jobs/spar-yes-for-youth-programme/index.html]
[bluffpersonnel.com/wp-json/wp/v2/awsm_job_openings/3119.json]
[bluffpersonnel.com/job-category/graduates-food-safety/index.html]
[bluffpersonnel.com/job-location/pinetown/index.html]
[bluffpersonnel.com/wp-json/oembed/1.0/embed08b9.json]
[bluffpersonnel.com/wp-json/oembed/1.0/embed808a]
[bluffpersonnel.com/jobs/clothing-textile-internship/index.html]
[bluffpersonnel.com/wp-json/wp/v2/awsm_job_openings/3113.json]
[bluffpersonnel.com/job-location/cornubia/index.html]
[bluffpersonnel.com/job-category/clothing-textile-internship-production-program-2024/index.html]
[bluffpersonnel.com/wp-json/oembed/1.0/embed1710.json]
[bluffpersonnel.com/wp-json/oembed/1.0/embed2f4a]
[bluffpersonnel.com/jobs/gifs-the-iig-information-systems-technology-program-2/index.html]
[bluffpersonnel.com/wp-json/wp/v2/awsm_job_openings/3088.json]
[bluffpersonnel.com/job-category/gifs-the-iig-information-systems-technology-program/index.html]
[bluffpersonnel.com/wp-json/oembed/1.0/embed1d22.json]
[bluffpersonnel.com/wp-json/oembed/1.0/embedcda1]
[bluffpersonnel.com/jobs/the-iig-information-systems-technology-program/index.html]
[bluffpersonnel.com/wp-json/wp/v2/awsm_job_openings/2925.json]
[bluffpersonnel.com/job-category/the-iig-information-systems-technology-program/index.html]
[bluffpersonnel.com/wp-json/oembed/1.0/embed7b15.json]
[bluffpersonnel.com/wp-json/oembed/1.0/embed59b6]
[bluffpersonnel.com/jobs/yes-for-youth-graduates-3/index.html]
[bluffpersonnel.com/wp-json/wp/v2/awsm_job_openings/2921.json]
[bluffpersonnel.com/job-location/national/index.html]
[bluffpersonnel.com/job-category/retail/index.html]
[bluffpersonnel.com/wp-json/oembed/1.0/embedac7f.json]
[bluffpersonnel.com/wp-json/oembed/1.0/embed2854]
[bluffpersonnel.com/jobs/yes-for-youth-program-2/index.html]
[bluffpersonnel.com/wp-json/wp/v2/awsm_job_openings/2779.json]
[bluffpersonnel.com/wp-json/oembed/1.0/embed9fec.json]
[bluffpersonnel.com/wp-json/oembed/1.0/embed07cf]
[bluffpersonnel.com/jobs/debtors-clerk/index.html]
[bluffpersonnel.com/wp-json/wp/v2/awsm_job_openings/2734.json]
[bluffpersonnel.com/job-category/debtors-clerk/index.html]
[bluffpersonnel.com/wp-json/oembed/1.0/embed16fd.json]
[bluffpersonnel.com/wp-json/oembed/1.0/embeddebc]
[bluffpersonnel.com/jobs/yes-for-youth-graduates-2/index.html]
[bluffpersonnel.com/wp-json/wp/v2/awsm_job_openings/2733.json]
[bluffpersonnel.com/wp-json/oembed/1.0/embedf3f6.json]
[bluffpersonnel.com/wp-json/oembed/1.0/embedcbe3]
[bluffpersonnel.com/jobs/yes-for-youth-graduates/index.html]
[bluffpersonnel.com/wp-json/wp/v2/awsm_job_openings/2732.json]
[bluffpersonnel.com/wp-json/oembed/1.0/embedb141.json]
[bluffpersonnel.com/wp-json/oembed/1.0/embed1c7c]
[bluffpersonnel.com/jobs/yes-for-youth-program/index.html]
[bluffpersonnel.com/wp-json/wp/v2/awsm_job_openings/2365.json]
[bluffpersonnel.com/wp-json/oembed/1.0/embedfa92.json]
[bluffpersonnel.com/wp-json/oembed/1.0/embed2c66]
[bluffpersonnel.com/jobs/junior-buyer/index.html]
[bluffpersonnel.com/wp-json/wp/v2/awsm_job_openings/2362.json]
[bluffpersonnel.com/job-location/kzn-north-coast/index.html]
[bluffpersonnel.com/job-category/junior-buyer/index.html]
[bluffpersonnel.com/wp-json/oembed/1.0/embed01a4.json]
[bluffpersonnel.com/wp-json/oembed/1.0/embeda292]
[bluffpersonnel.com/jobs/maintenance-fitter-supervisor/index.html]
[bluffpersonnel.com/wp-json/wp/v2/awsm_job_openings/1962.json]
[bluffpersonnel.com/job-location/durban-south/index.html]
[bluffpersonnel.com/wp-json/oembed/1.0/embed153d.json]
[bluffpersonnel.com/wp-json/oembed/1.0/embed1cb7]
[bluffpersonnel.com/jobs/plant-manager-wastewater-plant/index.html]
[bluffpersonnel.com/index7fdc.html]
[bluffpersonnel.com/job-category/adhoc-facilitators/index.html]
[bluffpersonnel.com/job-type/freelance/index.html]
[bluffpersonnel.com/job-location/ballito/index.html]
[bluffpersonnel.com/job-location/merebank-durban/index.html]
[bluffpersonnel.com/job-location/bergville/index.html]
[bluffpersonnel.com/jobs/junior-alarm-technician/index.html]
[bluffpersonnel.com/job-category/adhoc-facilitators/feed/index.html]
[bluffpersonnel.com/job-location/estcourt/index.html]
[bluffpersonnel.com/job-type/freelance/feed/index.html]
[bluffpersonnel.com/job-location/ballito/feed/index.html]
[bluffpersonnel.com/job-location/harding/index.html]
[bluffpersonnel.com/job-location/hilton/index.html]
[bluffpersonnel.com/job-location/bergville/feed/index.html]
[bluffpersonnel.com/job-location/howich/index.html]
[bluffpersonnel.com/job-location/estcourt/feed/index.html]
[bluffpersonnel.com/job-location/kokstad/index.html]
[bluffpersonnel.com/job-location/harding/feed/index.html]
[bluffpersonnel.com/job-location/hilton/feed/index.html]
[bluffpersonnel.com/job-location/ladysmith/index.html]
[bluffpersonnel.com/job-location/pmb/index.html]
[bluffpersonnel.com/job-location/howich/feed/index.html]
[bluffpersonnel.com/job-location/richards-bay/index.html]
[bluffpersonnel.com/job-location/kokstad/feed/index.html]
[bluffpersonnel.com/job-location/ladysmith/feed/index.html]
[bluffpersonnel.com/job-location/south-coast/index.html]
[bluffpersonnel.com/job-location/pmb/feed/index.html]
[bluffpersonnel.com/job-location/vryheid/index.html]
[bluffpersonnel.com/index956a.html]
[bluffpersonnel.com/job-category/retail-managers/index.html]
[bluffpersonnel.com/job-location/richards-bay/feed/index.html]
[bluffpersonnel.com/indexdb05.html]
[bluffpersonnel.com/job-category/chefs-deli-sushi/index.html]
[bluffpersonnel.com/job-location/south-coast/feed/index.html]
[bluffpersonnel.com/job-location/vryheid/feed/index.html]
[bluffpersonnel.com/job-category/retail-managers/feed/index.html]
[bluffpersonnel.com/indexb608.html]
[bluffpersonnel.com/job-category/process-support-tech/index.html]
[bluffpersonnel.com/index6710.html]
[bluffpersonnel.com/job-category/intern-real-estate-agent/index.html]
[bluffpersonnel.com/job-location/midrand/index.html]
[bluffpersonnel.com/job-category/chefs-deli-sushi/feed/index.html]
[bluffpersonnel.com/job-location/morningside/index.html]
[bluffpersonnel.com/job-category/process-support-tech/feed/index.html]
[bluffpersonnel.com/job-category/intern-real-estate-agent/feed/index.html]
[bluffpersonnel.com/job-location/midrand/feed/index.html]
[bluffpersonnel.com/job-location/musgrave/index.html]
[bluffpersonnel.com/job-location/rosebank/index.html]
[bluffpersonnel.com/job-location/umhlanga/index.html]
[bluffpersonnel.com/job-location/morningside/feed/index.html]
[bluffpersonnel.com/indexdc02.html]
[bluffpersonnel.com/job-category/senior-real-estate-agents/index.html]
[bluffpersonnel.com/job-location/musgrave/feed/index.html]
[bluffpersonnel.com/job-location/rosebank/feed/index.html]
[bluffpersonnel.com/job-location/umhlanga/feed/index.html]
[bluffpersonnel.com/indexfdf0.html]
[bluffpersonnel.com/job-category/financial-admin-supervisor/index.html]
[bluffpersonnel.com/index6c3c.html]
[bluffpersonnel.com/job-category/sales-administrator/index.html]
[bluffpersonnel.com/job-category/senior-real-estate-agents/feed/index.html]
[bluffpersonnel.com/job-category/financial-admin-supervisor/feed/index.html]
[bluffpersonnel.com/job-category/sales-administrator/feed/index.html]
[bluffpersonnel.com/wp-json/wp/v2/awsm_job_openings/2363.json]
[bluffpersonnel.com/wp-json/oembed/1.0/embedd036.json]
[bluffpersonnel.com/wp-json/oembed/1.0/embedd319]
[bluffpersonnel.com/jobs/millwright-2/index.html]
[bluffpersonnel.com/indexae92.html]
[bluffpersonnel.com/job-category/industrial-waste-sales-consultants/index.html]
[bluffpersonnel.com/index78c8.html]
[bluffpersonnel.com/job-category/internship-work-programme-public-realm-ambassador/index.html]
[bluffpersonnel.com/indexd2ca.html]
[bluffpersonnel.com/job-category/sales-manager/index.html]
[bluffpersonnel.com/index973d.html]
[bluffpersonnel.com/job-category/maintenance-electrician/index.html]
[bluffpersonnel.com/job-category/industrial-waste-sales-consultants/feed/index.html]
[bluffpersonnel.com/job-category/internship-work-programme-public-realm-ambassador/feed/index.html]
[bluffpersonnel.com/job-category/maintenance-electrician/feed/index.html]
[bluffpersonnel.com/index7e04.html]
[bluffpersonnel.com/index2d8c.html]
[bluffpersonnel.com/job-category/process-manager/index.html]
[bluffpersonnel.com/indexfeb5.html]
[bluffpersonnel.com/job-category/manager/index.html]
[bluffpersonnel.com/index536d.html]
[bluffpersonnel.com/job-category/sales-manager/feed/index.html]
[bluffpersonnel.com/job-category/landfill-engineer/index.html]
[bluffpersonnel.com/job-location/stanger/index.html]
[bluffpersonnel.com/job-category/manager/feed/index.html]
[bluffpersonnel.com/job-category/process-manager/feed/index.html]
[bluffpersonnel.com/index7864.html]
[bluffpersonnel.com/job-category/finance-manager/index.html]
[bluffpersonnel.com/index6c1e.html]
[bluffpersonnel.com/job-category/maintenance-manager/index.html]
[bluffpersonnel.com/job-category/landfill-engineer/feed/index.html]
[bluffpersonnel.com/job-location/stanger/feed/index.html]
[bluffpersonnel.com/job-location/kwadukuza/index.html]
[bluffpersonnel.com/job-category/finance-manager/feed/index.html]
[bluffpersonnel.com/job-location/kwadukuza/feed/index.html]
[bluffpersonnel.com/job-category/maintenance-manager/feed/index.html]
[bluffpersonnel.com/wp-json/wp/v2/awsm_job_openings/3105.json]
[bluffpersonnel.com/wp-json/oembed/1.0/embed8af8.json]
[bluffpersonnel.com/wp-json/oembed/1.0/embed97f9]
[bluffpersonnel.com/jobs/gifs-the-iig-information-systems-technology-program/index.html]
[bluffpersonnel.com/wp-json/wp/v2/awsm_job_openings/3090.json]
[bluffpersonnel.com/wp-json/oembed/1.0/embed05c2.json]
[bluffpersonnel.com/wp-json/oembed/1.0/embed54d9]
[bluffpersonnel.com/jobs/social-worker/index.html]
[bluffpersonnel.com/wp-json/wp/v2/awsm_job_openings/3089.json]
[bluffpersonnel.com/job-category/social-worker/index.html]
[bluffpersonnel.com/job-location/amanzimtoti/index.html]
[bluffpersonnel.com/wp-json/oembed/1.0/embed41aa.json]
[bluffpersonnel.com/wp-json/oembed/1.0/embed6c94]
[bluffpersonnel.com/jobs/operations-specialist-logistics/index.html]
[bluffpersonnel.com/wp-json/wp/v2/awsm_job_openings/3080.json]
[bluffpersonnel.com/job-category/operations-specialist-logistics/index.html]
[bluffpersonnel.com/wp-json/oembed/1.0/embed3292.json]
[bluffpersonnel.com/wp-json/oembed/1.0/embed4507]
[bluffpersonnel.com/jobs/sales-admin-and-personal-assistant-to-the-director/index.html]
[bluffpersonnel.com/wp-json/wp/v2/awsm_job_openings/2781.json]
[bluffpersonnel.com/job-category/sales-admin-and-pa/index.html]
[bluffpersonnel.com/wp-json/oembed/1.0/embed3ac2.json]
[bluffpersonnel.com/wp-json/oembed/1.0/embedc3dd]
[bluffpersonnel.com/jobs/sales-administrator-2/index.html]
[bluffpersonnel.com/wp-json/wp/v2/awsm_job_openings/2754.json]
[bluffpersonnel.com/wp-json/oembed/1.0/embed7459.json]
[bluffpersonnel.com/wp-json/oembed/1.0/embedd6fe]
[bluffpersonnel.com/jobs/vacancy-ithuba-administrator-tongaat/index.html]
[bluffpersonnel.com/wp-json/wp/v2/awsm_job_openings/2527.json]
[bluffpersonnel.com/job-category/administrator/index.html]
[bluffpersonnel.com/job-location/tongaat/index.html]
[bluffpersonnel.com/wp-json/oembed/1.0/embed1c90.json]
[bluffpersonnel.com/wp-json/oembed/1.0/embed0e24]
[bluffpersonnel.com/jobs/storeman-2/index.html]
[bluffpersonnel.com/wp-json/wp/v2/awsm_job_openings/2420.json]
[bluffpersonnel.com/job-category/storeman/index.html]
[bluffpersonnel.com/wp-json/oembed/1.0/embed76b3.json]
[bluffpersonnel.com/wp-json/oembed/1.0/embed88e0]
[bluffpersonnel.com/jobs/storeman/index.html]
[bluffpersonnel.com/wp-json/wp/v2/awsm_job_openings/2366.json]
[bluffpersonnel.com/wp-json/oembed/1.0/embed9442.json]
[bluffpersonnel.com/wp-json/oembed/1.0/embedce84]
[bluffpersonnel.com/jobs/commercial-manager/index.html]
[bluffpersonnel.com/wp-json/wp/v2/awsm_job_openings/2364.json]
[bluffpersonnel.com/job-location/kwazulu-natal/index.html]
[bluffpersonnel.com/job-category/commercial-manager/index.html]
[bluffpersonnel.com/wp-json/oembed/1.0/embedee7b.json]
[bluffpersonnel.com/wp-json/oembed/1.0/embed2c7a]
[bluffpersonnel.com/jobs/buyer/index.html]
[bluffpersonnel.com/wp-json/wp/v2/awsm_job_openings/2170.json]
[bluffpersonnel.com/job-category/buyer/index.html]
[bluffpersonnel.com/wp-json/oembed/1.0/embedf8c5.json]
[bluffpersonnel.com/wp-json/oembed/1.0/embed3206]
[bluffpersonnel.com/jobs/hr-administrator/index.html]
[bluffpersonnel.com/wp-json/wp/v2/awsm_job_openings/2019.json]
[bluffpersonnel.com/job-category/human-resources/index.html]
[bluffpersonnel.com/job-location/new-guelderland/index.html]
[bluffpersonnel.com/wp-json/oembed/1.0/embed1a37.json]
[bluffpersonnel.com/wp-json/oembed/1.0/embedc339]
[bluffpersonnel.com/jobs/supply-chain-coordinator/index.html]
[bluffpersonnel.com/wp-json/wp/v2/awsm_job_openings/1865.json]
[bluffpersonnel.com/job-category/supply-chain/index.html]
[bluffpersonnel.com/job-location/prospecton/index.html]
[bluffpersonnel.com/wp-json/oembed/1.0/embeda1e9.json]
[bluffpersonnel.com/wp-json/oembed/1.0/embed9202]
[bluffpersonnel.com/jobs/sheq-coordinator/index.html]
[bluffpersonnel.com/wp-json/wp/v2/awsm_job_openings/1864.json]
[bluffpersonnel.com/wp-json/oembed/1.0/embed7049.json]
[bluffpersonnel.com/wp-json/oembed/1.0/embed9169]
[bluffpersonnel.com/jobs/financial-controller-2/index.html]
[bluffpersonnel.com/wp-json/wp/v2/awsm_job_openings/1863.json]
[bluffpersonnel.com/job-location/modderfontein-or-chloorkop-johannesburg/index.html]
[bluffpersonnel.com/job-category/financial/index.html]
[bluffpersonnel.com/wp-json/oembed/1.0/embedaaf1.json]
[bluffpersonnel.com/wp-json/oembed/1.0/embede12f]
[bluffpersonnel.com/jobs/maintenance-fitter/index.html]
[bluffpersonnel.com/wp-json/wp/v2/awsm_job_openings/1862.json]
[bluffpersonnel.com/job-category/maintenance/index.html]
[bluffpersonnel.com/wp-json/oembed/1.0/embed7e69.json]
[bluffpersonnel.com/wp-json/oembed/1.0/embed924b]
[bluffpersonnel.com/jobs/accounts-clerk/index.html]
[bluffpersonnel.com/wp-json/wp/v2/awsm_job_openings/1861.json]
[bluffpersonnel.com/job-category/clerk/index.html]
[bluffpersonnel.com/wp-json/oembed/1.0/embede476.json]
[bluffpersonnel.com/wp-json/oembed/1.0/embed38d0]
[bluffpersonnel.com/jobs/yard-supervisor/index.html]
[bluffpersonnel.com/wp-json/wp/v2/awsm_job_openings/1860.json]
[bluffpersonnel.com/job-category/supervisor/index.html]
[bluffpersonnel.com/wp-json/oembed/1.0/embedf018.json]
[bluffpersonnel.com/wp-json/oembed/1.0/embed2275]
[bluffpersonnel.com/jobs/regional-qhse-manager/index.html]
[bluffpersonnel.com/wp-json/wp/v2/awsm_job_openings/1859.json]
[bluffpersonnel.com/job-location/glenwood/index.html]
[bluffpersonnel.com/wp-json/oembed/1.0/embedd6ed.json]
[bluffpersonnel.com/wp-json/oembed/1.0/embedd42d]
[bluffpersonnel.com/jobs/technical-buyer/index.html]
[bluffpersonnel.com/wp-json/wp/v2/awsm_job_openings/1857.json]
[bluffpersonnel.com/wp-json/oembed/1.0/embed2538.json]
[bluffpersonnel.com/wp-json/oembed/1.0/embed83e2]
[bluffpersonnel.com/jobs/plant-supervisor/index.html]
[bluffpersonnel.com/wp-json/wp/v2/awsm_job_openings/1856.json]
[bluffpersonnel.com/wp-json/oembed/1.0/embed8c70.json]
[bluffpersonnel.com/wp-json/oembed/1.0/embed6772]
[bluffpersonnel.com/jobs/laboratory-cleaner/index.html]
[bluffpersonnel.com/wp-json/wp/v2/awsm_job_openings/1854.json]
[bluffpersonnel.com/job-category/cleaner/index.html]
[bluffpersonnel.com/job-location/bluff-durban/index.html]
[bluffpersonnel.com/wp-json/oembed/1.0/embed28bc.json]
[bluffpersonnel.com/wp-json/oembed/1.0/embedaf66]
[bluffpersonnel.com/jobs/general-buyer/index.html]
[bluffpersonnel.com/wp-json/wp/v2/awsm_job_openings/1853.json]
[bluffpersonnel.com/job-location/riverhorse-valley/index.html]
[bluffpersonnel.com/wp-json/oembed/1.0/embede7da.json]
[bluffpersonnel.com/wp-json/oembed/1.0/embed9ce9]
[bluffpersonnel.com/jobs/diesel-mechanic/index.html]
[bluffpersonnel.com/wp-json/wp/v2/awsm_job_openings/1852.json]
[bluffpersonnel.com/job-location/johannesburg/index.html]
[bluffpersonnel.com/job-category/mechanic/index.html]
[bluffpersonnel.com/wp-json/oembed/1.0/embed3eed.json]
[bluffpersonnel.com/wp-json/oembed/1.0/embed1803]
[bluffpersonnel.com/jobs/assistant-operations-manager/index.html]
[bluffpersonnel.com/wp-json/wp/v2/awsm_job_openings/1851.json]
[bluffpersonnel.com/job-location/jacobs-durban/index.html]
[bluffpersonnel.com/wp-json/oembed/1.0/embed24b0.json]
[bluffpersonnel.com/wp-json/oembed/1.0/embeda3d5]
[bluffpersonnel.com/jobs/yard-marshall/index.html]
[bluffpersonnel.com/wp-json/wp/v2/awsm_job_openings/1850.json]
[bluffpersonnel.com/job-category/yard-marshall/index.html]
[bluffpersonnel.com/job-location/wentworth/index.html]
[bluffpersonnel.com/wp-json/oembed/1.0/embedf7f6.json]
[bluffpersonnel.com/wp-json/oembed/1.0/embed4147]
[bluffpersonnel.com/jobs/gate-clerk/index.html]
[bluffpersonnel.com/wp-json/wp/v2/awsm_job_openings/1849.json]
[bluffpersonnel.com/wp-json/oembed/1.0/embed3c41.json]
[bluffpersonnel.com/wp-json/oembed/1.0/embedebc2]
[bluffpersonnel.com/jobs/millwright/index.html]
[bluffpersonnel.com/wp-json/wp/v2/awsm_job_openings/1848.json]
[bluffpersonnel.com/wp-json/oembed/1.0/embedd1e6.json]
[bluffpersonnel.com/wp-json/oembed/1.0/embeddb87]
[bluffpersonnel.com/jobs/regional-stores-driver/index.html]
[bluffpersonnel.com/wp-json/wp/v2/awsm_job_openings/1847.json]
[bluffpersonnel.com/job-category/driver/index.html]
[bluffpersonnel.com/wp-json/oembed/1.0/embed58bc.json]
[bluffpersonnel.com/wp-json/oembed/1.0/embed6f6d]
[bluffpersonnel.com/jobs/security-guard/index.html]
[bluffpersonnel.com/wp-json/wp/v2/awsm_job_openings/1798.json]
[bluffpersonnel.com/job-category/security/index.html]
[bluffpersonnel.com/wp-json/oembed/1.0/embedbb4e.json]
[bluffpersonnel.com/wp-json/oembed/1.0/embedac95]
[bluffpersonnel.com/jobs/planner-electrical-and-instrument-projects/index.html]
[bluffpersonnel.com/wp-json/wp/v2/awsm_job_openings/1797.json]
[bluffpersonnel.com/wp-json/oembed/1.0/embed9892.json]
[bluffpersonnel.com/wp-json/oembed/1.0/embed9c57]
[bluffpersonnel.com/jobs/financial-controller/index.html]
[bluffpersonnel.com/wp-json/wp/v2/awsm_job_openings/1761.json]
[bluffpersonnel.com/wp-json/oembed/1.0/embed834f.json]
[bluffpersonnel.com/wp-json/oembed/1.0/embed1300]
[bluffpersonnel.com/jobs/landfill-engineer/index.html]
[bluffpersonnel.com/indexd834.html]
[bluffpersonnel.com/job-category/electro-mechanical-techician/index.html]
[bluffpersonnel.com/index908d.html]
[bluffpersonnel.com/job-category/maintenance-fitter/index.html]
[bluffpersonnel.com/index40ea.html]
[bluffpersonnel.com/job-category/millwright/index.html]
[bluffpersonnel.com/job-category/engineering/index.html]
[bluffpersonnel.com/index1c24.html]
[bluffpersonnel.com/job-category/operator/index.html]
[bluffpersonnel.com/job-category/electro-mechanical-techician/feed/index.html]
[bluffpersonnel.com/index7ae2.html]
[bluffpersonnel.com/job-category/graduates-food-safety/index.html]
[bluffpersonnel.com/job-category/maintenance-fitter/feed/index.html]
[bluffpersonnel.com/job-category/millwright/feed/index.html]
[bluffpersonnel.com/job-location/pinetown/index.html]
[bluffpersonnel.com/index3309.html]
[bluffpersonnel.com/job-category/clothing-textile-internship-production-program-2024/index.html]
[bluffpersonnel.com/job-category/operator/feed/index.html]
[bluffpersonnel.com/job-location/cornubia/index.html]
[bluffpersonnel.com/job-category/graduates-food-safety/feed/index.html]
[bluffpersonnel.com/indexdfc2.html]
[bluffpersonnel.com/job-category/gifs-the-iig-information-systems-technology-program/index.html]
[bluffpersonnel.com/job-location/pinetown/feed/index.html]
[bluffpersonnel.com/index3332.html]
[bluffpersonnel.com/job-category/the-iig-information-systems-technology-program/index.html]
[bluffpersonnel.com/job-category/clothing-textile-internship-production-program-2024/feed/index.html]
[bluffpersonnel.com/index8542.html]
[bluffpersonnel.com/job-category/retail/index.html]
[bluffpersonnel.com/job-location/cornubia/feed/index.html]
[bluffpersonnel.com/job-location/national/index.html]
[bluffpersonnel.com/job-category/gifs-the-iig-information-systems-technology-program/feed/index.html]
[bluffpersonnel.com/indexa6de.html]
[bluffpersonnel.com/index2349.html]
[bluffpersonnel.com/job-category/debtors-clerk/index.html]
[bluffpersonnel.com/job-category/the-iig-information-systems-technology-program/feed/index.html]
[bluffpersonnel.com/index6f09.html]
[bluffpersonnel.com/index0e86.html]
[bluffpersonnel.com/indexaa3c.html]
[bluffpersonnel.com/indexd7ab.html]
[bluffpersonnel.com/job-category/junior-buyer/index.html]
[bluffpersonnel.com/job-category/retail/feed/index.html]
[bluffpersonnel.com/job-location/kzn-north-coast/index.html]
[bluffpersonnel.com/job-location/national/feed/index.html]
[bluffpersonnel.com/indexfa5a.html]
[bluffpersonnel.com/job-location/durban-south/index.html]
[bluffpersonnel.com/job-category/debtors-clerk/feed/index.html]
[bluffpersonnel.com/indexbf5e.html]
[bluffpersonnel.com/job-location/merebank-durban/index.html]
[bluffpersonnel.com/job-category/junior-buyer/feed/index.html]
[bluffpersonnel.com/job-location/kzn-north-coast/feed/index.html]
[bluffpersonnel.com/job-location/durban-south/feed/index.html]
[bluffpersonnel.com/job-location/merebank-durban/feed/index.html]
[bluffpersonnel.com/wp-json/wp/v2/awsm_job_openings/3179.json]
[bluffpersonnel.com/wp-json/oembed/1.0/embed5a0e.json]
[bluffpersonnel.com/wp-json/oembed/1.0/embed8a7b]
[bluffpersonnel.com/jobs/junior-alarm-technician/index.html]
[bluffpersonnel.com/indexc200.html]
[bluffpersonnel.com/indexa460.html]
[bluffpersonnel.com/index9c22.html]
[bluffpersonnel.com/job-category/social-worker/index.html]
[bluffpersonnel.com/job-location/amanzimtoti/index.html]
[bluffpersonnel.com/job-type/part-time/index.html]
[bluffpersonnel.com/job-category/junior-alarm-technician/index.html]
[bluffpersonnel.com/index66b2.html]
[bluffpersonnel.com/job-category/operations-specialist-logistics/index.html]
[bluffpersonnel.com/indexc7a1.html]
[bluffpersonnel.com/job-category/sales-admin-and-pa/index.html]
[bluffpersonnel.com/job-category/social-worker/feed/index.html]
[bluffpersonnel.com/indexa748.html]
[bluffpersonnel.com/indexc0ef.html]
[bluffpersonnel.com/job-category/administrator/index.html]
[bluffpersonnel.com/job-location/amanzimtoti/feed/index.html]
[bluffpersonnel.com/job-location/tongaat/index.html]
[bluffpersonnel.com/job-category/operations-specialist-logistics/feed/index.html]
[bluffpersonnel.com/job-category/sales-admin-and-pa/feed/index.html]
[bluffpersonnel.com/index31b1.html]
[bluffpersonnel.com/job-category/storeman/index.html]
[bluffpersonnel.com/index121f.html]
[bluffpersonnel.com/index99a0.html]
[bluffpersonnel.com/job-category/commercial-manager/index.html]
[bluffpersonnel.com/job-category/administrator/feed/index.html]
[bluffpersonnel.com/job-location/kwazulu-natal/index.html]
[bluffpersonnel.com/job-location/tongaat/feed/index.html]
[bluffpersonnel.com/index97da.html]
[bluffpersonnel.com/job-category/buyer/index.html]
[bluffpersonnel.com/job-category/storeman/feed/index.html]
[bluffpersonnel.com/job-category/commercial-manager/feed/index.html]
[bluffpersonnel.com/indexfe0d.html]
[bluffpersonnel.com/job-category/human-resources/index.html]
[bluffpersonnel.com/job-location/new-guelderland/index.html]
[bluffpersonnel.com/job-location/kwazulu-natal/feed/index.html]
[bluffpersonnel.com/indexf7db.html]
[bluffpersonnel.com/job-category/supply-chain/index.html]
[bluffpersonnel.com/job-category/buyer/feed/index.html]
[bluffpersonnel.com/job-location/prospecton/index.html]
[bluffpersonnel.com/job-category/human-resources/feed/index.html]
[bluffpersonnel.com/job-location/new-guelderland/feed/index.html]
[bluffpersonnel.com/index64d2.html]
[bluffpersonnel.com/index2ec6.html]
[bluffpersonnel.com/job-category/financial/index.html]
[bluffpersonnel.com/job-location/modderfontein-or-chloorkop-johannesburg/index.html]
[bluffpersonnel.com/job-category/supply-chain/feed/index.html]
[bluffpersonnel.com/indexdccb.html]
[bluffpersonnel.com/job-category/maintenance/index.html]
[bluffpersonnel.com/job-location/prospecton/feed/index.html]
[bluffpersonnel.com/index13c2.html]
[bluffpersonnel.com/job-category/clerk/index.html]
[bluffpersonnel.com/job-category/financial/feed/index.html]
[bluffpersonnel.com/job-location/modderfontein-or-chloorkop-johannesburg/feed/index.html]
[bluffpersonnel.com/index800d.html]
[bluffpersonnel.com/job-category/supervisor/index.html]
[bluffpersonnel.com/index05e8.html]
[bluffpersonnel.com/job-location/glenwood/index.html]
[bluffpersonnel.com/job-category/maintenance/feed/index.html]
[bluffpersonnel.com/index64f7.html]
[bluffpersonnel.com/index5d9e.html]
[bluffpersonnel.com/index5d1c.html]
[bluffpersonnel.com/job-category/cleaner/index.html]
[bluffpersonnel.com/job-category/clerk/feed/index.html]
[bluffpersonnel.com/job-location/bluff-durban/index.html]
[bluffpersonnel.com/job-category/supervisor/feed/index.html]
[bluffpersonnel.com/indexff4d.html]
[bluffpersonnel.com/job-location/riverhorse-valley/index.html]
[bluffpersonnel.com/job-location/glenwood/feed/index.html]
[bluffpersonnel.com/indexc1a5.html]
[bluffpersonnel.com/job-category/mechanic/index.html]
[bluffpersonnel.com/job-category/cleaner/feed/index.html]
[bluffpersonnel.com/job-location/johannesburg/index.html]
[bluffpersonnel.com/job-location/bluff-durban/feed/index.html]
[bluffpersonnel.com/index42dd.html]
[bluffpersonnel.com/job-location/jacobs-durban/index.html]
[bluffpersonnel.com/job-location/riverhorse-valley/feed/index.html]
[bluffpersonnel.com/indexd614.html]
[bluffpersonnel.com/job-category/yard-marshall/index.html]
[bluffpersonnel.com/job-category/mechanic/feed/index.html]
[bluffpersonnel.com/job-location/wentworth/index.html]
[bluffpersonnel.com/job-location/jacobs-durban/feed/index.html]
[bluffpersonnel.com/job-location/johannesburg/feed/index.html]
[bluffpersonnel.com/indexe7a1.html]
[bluffpersonnel.com/index9c7a.html]
[bluffpersonnel.com/index99de.html]
[bluffpersonnel.com/job-category/driver/index.html]
[bluffpersonnel.com/indexb263.html]
[bluffpersonnel.com/job-category/security/index.html]
[bluffpersonnel.com/job-category/yard-marshall/feed/index.html]
[bluffpersonnel.com/indexe23a.html]
[bluffpersonnel.com/index3dd6.html]
[bluffpersonnel.com/index7020.html]
[bluffpersonnel.com/job-category/engineering/index.html]
[bluffpersonnel.com/job-location/wentworth/feed/index.html]
[bluffpersonnel.com/index88e8.html]
[bluffpersonnel.com/job-category/junior-alarm-technician/index.html]
[bluffpersonnel.com/job-category/driver/feed/index.html]
[bluffpersonnel.com/job-category/security/feed/index.html]
[bluffpersonnel.com/job-type/part-time/index.html]
[bluffpersonnel.com/job-category/engineering/feed/index.html]
[bluffpersonnel.com/job-category/junior-alarm-technician/feed/index.html]
[bluffpersonnel.com/job-type/part-time/feed/index.html]
